Archive member included because of file (symbol)

contiki-sky.a(rimeaddr.o)     obj_sky/contiki-sky-main.o (rimeaddr_copy)
contiki-sky.a(rime.o)         obj_sky/contiki-sky-main.o (rime_driver)
contiki-sky.a(announcement.o)
                              contiki-sky.a(rime.o) (announcement_init)
contiki-sky.a(broadcast-annou)
                              contiki-sky.a(rime.o) (broadcast_announcement_init)
contiki-sky.a(broadcast.o)    contiki-sky.a(broadcast-annou) (broadcast_open)
contiki-sky.a(abc.o)          contiki-sky.a(broadcast.o) (abc_open)
contiki-sky.a(chameleon.o)    contiki-sky.a(rime.o) (chameleon_init)
contiki-sky.a(channel.o)      contiki-sky.a(chameleon.o) (channel_init)
contiki-sky.a(chameleon-bitop)
                              contiki-sky.a(chameleon.o) (chameleon_bitopt)
contiki-sky.a(csma.o)         obj_sky/contiki-sky-main.o (csma_driver)
contiki-sky.a(contikimac.o)   obj_sky/contiki-sky-main.o (contikimac_driver)
contiki-sky.a(phase.o)        contiki-sky.a(contikimac.o) (phase_update)
contiki-sky.a(process.o)      test-deluge.co (process_exit)
contiki-sky.a(autostart.o)    obj_sky/contiki-sky-main.o (autostart_start)
contiki-sky.a(elfloader.o)    test-deluge.co (elfloader_unknown)
contiki-sky.a(compower.o)     contiki-sky.a(contikimac.o) (compower_idle_activity)
contiki-sky.a(serial-line.o)  obj_sky/contiki-sky-main.o (serial_line_input_byte)
contiki-sky.a(memb.o)         contiki-sky.a(csma.o) (memb_init)
contiki-sky.a(timer.o)        obj_sky/contiki-sky-main.o (timer_set)
contiki-sky.a(list.o)         contiki-sky.a(announcement.o) (list_init)
contiki-sky.a(etimer.o)       obj_sky/contiki-sky-main.o (etimer_process)
contiki-sky.a(ctimer.o)       obj_sky/contiki-sky-main.o (ctimer_init)
contiki-sky.a(energest.o)     obj_sky/contiki-sky-main.o (energest_init)
contiki-sky.a(rtimer.o)       obj_sky/contiki-sky-main.o (rtimer_init)
contiki-sky.a(random.o)       obj_sky/contiki-sky-main.o (random_init)
contiki-sky.a(ringbuf.o)      contiki-sky.a(serial-line.o) (ringbuf_init)
contiki-sky.a(nbr-table.o)    contiki-sky.a(phase.o) (nbr_table_register)
contiki-sky.a(packetbuf.o)    contiki-sky.a(contikimac.o) (packetbuf_hdr_remove)
contiki-sky.a(queuebuf.o)     contiki-sky.a(rime.o) (queuebuf_init)
contiki-sky.a(deluge.o)       test-deluge.co (deluge_disseminate)
contiki-sky.a(contiki-sky-pla)
                              obj_sky/contiki-sky-main.o (init_platform)
contiki-sky.a(button-sensor.o)
                              contiki-sky.a(contiki-sky-pla) (button_sensor)
contiki-sky.a(ds2411.o)       obj_sky/contiki-sky-main.o (ds2411_init)
contiki-sky.a(xmem.o)         obj_sky/contiki-sky-main.o (xmem_init)
contiki-sky.a(node-id.o)      obj_sky/contiki-sky-main.o (node_id_restore)
contiki-sky.a(sensors.o)      contiki-sky.a(button-sensor.o) (sensors_changed)
contiki-sky.a(cfs-coffee.o)   test-deluge.co (cfs_open)
contiki-sky.a(cc2420.o)       obj_sky/contiki-sky-main.o (cc2420_set_pan_addr)
contiki-sky.a(cc2420-arch.o)  contiki-sky.a(cc2420.o) (cc2420_arch_init)
contiki-sky.a(uart1.o)        obj_sky/contiki-sky-main.o (uart1_active)
contiki-sky.a(uart1-putchar.o)
                              obj_sky/contiki-sky-main.o (putchar)
contiki-sky.a(msp430.o)       contiki-sky.a(uart1.o) (msp430_add_lpm_req)
contiki-sky.a(clock.o)        contiki-sky.a(timer.o) (clock_time)
contiki-sky.a(leds.o)         obj_sky/contiki-sky-main.o (leds_init)
contiki-sky.a(leds-arch.o)    contiki-sky.a(leds.o) (leds_arch_init)
contiki-sky.a(watchdog.o)     obj_sky/contiki-sky-main.o (watchdog_start)
contiki-sky.a(rtimer-arch.o)  contiki-sky.a(rtimer.o) (rtimer_arch_init)
contiki-sky.a(elfloader-msp43)
                              contiki-sky.a(elfloader.o) (elfloader_arch_allocate_ram)
contiki-sky.a(symtab.o)       contiki-sky.a(elfloader.o) (symtab_lookup)
contiki-sky.a(symbols.o)      contiki-sky.a(symtab.o) (symbols)
contiki-sky.a(unicast.o)      contiki-sky.a(deluge.o) (unicast_open)
contiki-sky.a(mac.o)          contiki-sky.a(csma.o) (mac_call_sent_callback)
contiki-sky.a(framer-802154.o)
                              contiki-sky.a(contikimac.o) (framer_802154)
contiki-sky.a(crc16.o)        contiki-sky.a(deluge.o) (crc16_data)
contiki-sky.a(spi.o)          contiki-sky.a(xmem.o) (spi_init)
contiki-sky.a(frame802154.o)  contiki-sky.a(framer-802154.o) (frame802154_hdrlen)
/usr/local/msp430/bin/../lib/gcc/msp430/4.7.0/mmpy-16/libgcc.a(_mulsi3.o)
                              contiki-sky.a(csma.o) (__mulsi3)
/usr/local/msp430/bin/../lib/gcc/msp430/4.7.0/mmpy-16/libgcc.a(_udivmod16.o)
                              contiki-sky.a(cfs-coffee.o) (__udivhi3)
/usr/local/msp430/bin/../lib/gcc/msp430/4.7.0/mmpy-16/libgcc.a(_divmod16.o)
                              contiki-sky.a(nbr-table.o) (__divhi3)
/usr/local/msp430/bin/../lib/gcc/msp430/4.7.0/mmpy-16/libgcc.a(_udivmod32.o)
                              obj_sky/contiki-sky-main.o (__udivsi3)
/usr/local/msp430/bin/../lib/gcc/msp430/4.7.0/mmpy-16/libgcc.a(_divmod32.o)
[...]
Memory Configuration

Name             Origin             Length             Attributes
sfr              0x00000000         0x00000010
peripheral_8bit  0x00000010         0x000000f0
peripheral_16bit 0x00000100         0x00000100
ram_mirror       0x00000200         0x00000800         xw
infomem          0x00001000         0x00000100
infob            0x00001000         0x00000080
infoa            0x00001080         0x00000080
ram              0x00001100         0x00002800         xw
rom              0x00004000         0x0000bfe0         xr
vectors          0x0000ffe0         0x00000020
bsl              0x00000000         0x00000000
infoc            0x00000000         0x00000000
infod            0x00000000         0x00000000
ram2             0x00000000         0x00000000         xw
usbram           0x00000000         0x00000000         xw
far_rom          0x00000000         0x00000000
*default*        0x00000000         0xffffffff

Linker script and memory map

LOAD /usr/local/msp430/bin/../lib/gcc/msp430/4.7.0/mmpy-16/crt0ivtbl16.o
LOAD test-deluge.co
LOAD obj_sky/contiki-sky-main.o
LOAD contiki-sky.a
LOAD /usr/local/msp430/bin/../lib/gcc/msp430/4.7.0/mmpy-16/libgcc.a
LOAD /usr/local/msp430/bin/../lib/gcc/msp430/4.7.0/../../../../msp430/lib/mmpy-16/libc.a
LOAD /usr/local/msp430/bin/../lib/gcc/msp430/4.7.0/mmpy-16/libgcc.a
LOAD /usr/local/msp430/bin/../lib/gcc/msp430/4.7.0/mmpy-16/libcrt0.a
                0x00000080                PROVIDE (__info_segment_size, 0x80)
                0x00001000                PROVIDE (__infob, 0x1000)
                0x00001080                PROVIDE (__infoa, 0x1080)
                0x00000000                __IE1 = 0x0
                0x00000002                __IFG1 = 0x2
                0x00000004                __ME1 = 0x4
                0x00000001                __IE2 = 0x1
                0x00000003                __IFG2 = 0x3
                0x00000005                __ME2 = 0x5
                0x00000120                __WDTCTL = 0x120
                0x00000130                __MPY = 0x130
                0x00000132                __MPYS = 0x132
                0x00000134                __MAC = 0x134
                0x00000136                __MACS = 0x136
                0x00000138                __OP2 = 0x138
                0x0000013a                __RESLO = 0x13a
                0x0000013c                __RESHI = 0x13c
                0x0000013e                __SUMEXT = 0x13e
                0x00000020                __P1IN = 0x20
                0x00000021                __P1OUT = 0x21
                0x00000022                __P1DIR = 0x22
                0x00000023                __P1IFG = 0x23
                0x00000024                __P1IES = 0x24
                0x00000025                __P1IE = 0x25
                0x00000026                __P1SEL = 0x26
                0x00000028                __P2IN = 0x28
                0x00000029                __P2OUT = 0x29
                0x0000002a                __P2DIR = 0x2a
                0x0000002b                __P2IFG = 0x2b
                0x0000002c                __P2IES = 0x2c
                0x0000002d                __P2IE = 0x2d
                0x0000002e                __P2SEL = 0x2e
                0x00000018                __P3IN = 0x18
                0x00000019                __P3OUT = 0x19
                0x0000001a                __P3DIR = 0x1a
                0x0000001b                __P3SEL = 0x1b
                0x0000001c                __P4IN = 0x1c
                0x0000001d                __P4OUT = 0x1d
                0x0000001e                __P4DIR = 0x1e
                0x0000001f                __P4SEL = 0x1f
                0x00000030                __P5IN = 0x30
                0x00000031                __P5OUT = 0x31
                0x00000032                __P5DIR = 0x32
                0x00000033                __P5SEL = 0x33
                0x00000034                __P6IN = 0x34
                0x00000035                __P6OUT = 0x35
                0x00000036                __P6DIR = 0x36
                0x00000037                __P6SEL = 0x37
                0x00000070                __U0CTL = 0x70
                0x00000071                __U0TCTL = 0x71
                0x00000072                __U0RCTL = 0x72
                0x00000073                __U0MCTL = 0x73
                0x00000074                __U0BR0 = 0x74
                0x00000075                __U0BR1 = 0x75
                0x00000076                __U0RXBUF = 0x76
                0x00000077                __U0TXBUF = 0x77
                0x00000078                __U1CTL = 0x78
                0x00000079                __U1TCTL = 0x79
                0x0000007a                __U1RCTL = 0x7a
                0x0000007b                __U1MCTL = 0x7b
                0x0000007c                __U1BR0 = 0x7c
                0x0000007d                __U1BR1 = 0x7d
                0x0000007e                __U1RXBUF = 0x7e
                0x0000007f                __U1TXBUF = 0x7f
                0x00000050                __I2CIE = 0x50
                0x00000051                __I2CIFG = 0x51
                0x00000052                __I2CNDAT = 0x52
                0x00000071                __I2CTCTL = 0x71
                0x00000072                __I2CDCTL = 0x72
                0x00000073                __I2CPSC = 0x73
                0x00000074                __I2CSCLH = 0x74
                0x00000075                __I2CSCLL = 0x75
                0x00000076                __I2CDRB = 0x76
                0x00000076                __I2CDRW = 0x76
                0x00000118                __I2COA = 0x118
                0x0000011a                __I2CSA = 0x11a
                0x0000011c                __I2CIV = 0x11c
                0x0000012e                __TAIV = 0x12e
                0x00000160                __TACTL = 0x160
                0x00000162                __TACCTL0 = 0x162
                0x00000164                __TACCTL1 = 0x164
                0x00000166                __TACCTL2 = 0x166
                0x00000170                __TAR = 0x170
                0x00000172                __TACCR0 = 0x172
                0x00000174                __TACCR1 = 0x174
                0x00000176                __TACCR2 = 0x176
                0x0000011e                __TBIV = 0x11e
                0x00000180                __TBCTL = 0x180
                0x00000182                __TBCCTL0 = 0x182
                0x00000184                __TBCCTL1 = 0x184
                0x00000186                __TBCCTL2 = 0x186
                0x00000188                __TBCCTL3 = 0x188
                0x0000018a                __TBCCTL4 = 0x18a
                0x0000018c                __TBCCTL5 = 0x18c
                0x0000018e                __TBCCTL6 = 0x18e
                0x00000190                __TBR = 0x190
                0x00000192                __TBCCR0 = 0x192
                0x00000194                __TBCCR1 = 0x194
                0x00000196                __TBCCR2 = 0x196
                0x00000198                __TBCCR3 = 0x198
                0x0000019a                __TBCCR4 = 0x19a
                0x0000019c                __TBCCR5 = 0x19c
                0x0000019e                __TBCCR6 = 0x19e
                0x00000056                __DCOCTL = 0x56
                0x00000057                __BCSCTL1 = 0x57
                0x00000058                __BCSCTL2 = 0x58
                0x00000055                __SVSCTL = 0x55
                0x00000128                __FCTL1 = 0x128
                0x0000012a                __FCTL2 = 0x12a
                0x0000012c                __FCTL3 = 0x12c
                0x00000059                __CACTL1 = 0x59
                0x0000005a                __CACTL2 = 0x5a
                0x0000005b                __CAPD = 0x5b
                0x000001a0                __ADC12CTL0 = 0x1a0
                0x000001a2                __ADC12CTL1 = 0x1a2
                0x000001a4                __ADC12IFG = 0x1a4
                0x000001a6                __ADC12IE = 0x1a6
                0x000001a8                __ADC12IV = 0x1a8
                0x00000140                __ADC12MEM0 = 0x140
                0x00000142                __ADC12MEM1 = 0x142
                0x00000144                __ADC12MEM2 = 0x144
                0x00000146                __ADC12MEM3 = 0x146
                0x00000148                __ADC12MEM4 = 0x148
                0x0000014a                __ADC12MEM5 = 0x14a
                0x0000014c                __ADC12MEM6 = 0x14c
                0x0000014e                __ADC12MEM7 = 0x14e
                0x00000150                __ADC12MEM8 = 0x150
                0x00000152                __ADC12MEM9 = 0x152
                0x00000154                __ADC12MEM10 = 0x154
                0x00000156                __ADC12MEM11 = 0x156
                0x00000158                __ADC12MEM12 = 0x158
                0x0000015a                __ADC12MEM13 = 0x15a
                0x0000015c                __ADC12MEM14 = 0x15c
                0x0000015e                __ADC12MEM15 = 0x15e
                0x00000080                __ADC12MCTL0 = 0x80
                0x00000081                __ADC12MCTL1 = 0x81
                0x00000082                __ADC12MCTL2 = 0x82
                0x00000083                __ADC12MCTL3 = 0x83
                0x00000084                __ADC12MCTL4 = 0x84
                0x00000085                __ADC12MCTL5 = 0x85
                0x00000086                __ADC12MCTL6 = 0x86
                0x00000087                __ADC12MCTL7 = 0x87
                0x00000088                __ADC12MCTL8 = 0x88
                0x00000089                __ADC12MCTL9 = 0x89
                0x0000008a                __ADC12MCTL10 = 0x8a
                0x0000008b                __ADC12MCTL11 = 0x8b
                0x0000008c                __ADC12MCTL12 = 0x8c
                0x0000008d                __ADC12MCTL13 = 0x8d
                0x0000008e                __ADC12MCTL14 = 0x8e
                0x0000008f                __ADC12MCTL15 = 0x8f
                0x000001c0                __DAC12_0CTL = 0x1c0
                0x000001c2                __DAC12_1CTL = 0x1c2
                0x000001c8                __DAC12_0DAT = 0x1c8
                0x000001ca                __DAC12_1DAT = 0x1ca
                0x00000122                __DMACTL0 = 0x122
                0x00000124                __DMACTL1 = 0x124
                0x000001e0                __DMA0CTL = 0x1e0
                0x000001e8                __DMA1CTL = 0x1e8
                0x000001f0                __DMA2CTL = 0x1f0
                0x000001e2                __DMA0SA = 0x1e2
                0x000001e4                __DMA0DA = 0x1e4
                0x000001e6                __DMA0SZ = 0x1e6
                0x000001ea                __DMA1SA = 0x1ea
                0x000001ec                __DMA1DA = 0x1ec
                0x000001ee                __DMA1SZ = 0x1ee
                0x000001f2                __DMA2SA = 0x1f2
                0x000001f4                __DMA2DA = 0x1f4
                0x000001f6                __DMA2SZ = 0x1f6

.hash
 *(.hash)

.dynsym
 *(.dynsym)

.dynstr
 *(.dynstr)

.gnu.version
 *(.gnu.version)

.gnu.version_d
 *(.gnu.version_d)

.gnu.version_r
 *(.gnu.version_r)

.rel.init
 *(.rel.init)

.rela.init
 *(.rela.init)

.rel.fini
 *(.rel.fini)

.rela.fini
 *(.rela.fini)

.rel.text
 *(.rel.text .rel.text.* .rel.gnu.linkonce.t.*)

.rela.text
 *(.rela.text .rela.text.* .rela.gnu.linkonce.t.*)

.rel.rodata
 *(.rel.rodata .rel.rodata.* .rel.gnu.linkonce.r.*)

.rela.rodata
 *(.rela.rodata .rela.rodata.* .rela.gnu.linkonce.r.*)

.rel.data
 *(.rel.data .rel.data.* .rel.gnu.linkonce.d.*)

.rela.data
 *(.rela.data .rela.data.* .rela.gnu.linkonce.d.*)

.rel.bss
 *(.rel.bss .rel.bss.* .rel.gnu.linkonce.b.*)

.rela.bss
 *(.rela.bss .rela.bss.* .rela.gnu.linkonce.b.*)

.rel.ctors
 *(.rel.ctors)

.rela.ctors
 *(.rela.ctors)

.rel.dtors
 *(.rel.dtors)

.rela.dtors
 *(.rela.dtors)

.rel.got
 *(.rel.got)

.rela.got
 *(.rela.got)

.rel.plt
 *(.rel.plt)

.rela.plt
 *(.rela.plt)

.text           0x00004000     0x7c74
                0x00004000                . = ALIGN (0x2)
 *(.init .init.*)
 *(.init0)
 .init0         0x00004000        0x0 /usr/local/msp430/bin/../lib/gcc/msp430/4.7.0/mmpy-16/libcrt0.a(_reset_vector__.o)
                0x00004000                _reset_vector__
 *(.init1)
 .init1         0x00004000        0xc /usr/local/msp430/bin/../lib/gcc/msp430/4.7.0/mmpy-16/libcrt0.a(__watchdog_support.o)
                0x00004000                __watchdog_support
 *(.init2)
 .init2         0x0000400c        0x4 /usr/local/msp430/bin/../lib/gcc/msp430/4.7.0/mmpy-16/libcrt0.a(__init_stack.o)
                0x0000400c                __init_stack
 *(.init3)
 .init3         0x00004010        0x0 /usr/local/msp430/bin/../lib/gcc/msp430/4.7.0/mmpy-16/libcrt0.a(__low_level_init.o)
                0x00004010                __low_level_init
 *(.init4)
 .init4         0x00004010       0x18 /usr/local/msp430/bin/../lib/gcc/msp430/4.7.0/mmpy-16/libcrt0.a(_copy_data.o)
                0x00004010                __do_copy_data
 .init4         0x00004028       0x16 /usr/local/msp430/bin/../lib/gcc/msp430/4.7.0/mmpy-16/libcrt0.a(_clear_bss.o)
                0x00004028                __do_clear_bss
 *(.init5)
 *(.init6)
 *(.init7)
 *(.init8)
 *(.init9)
 .init9         0x0000403e      0x2f8 obj_sky/contiki-sky-main.o
                0x0000403e                main
 *(.fini9)
 .fini9         0x00004336        0x0 /usr/local/msp430/bin/../lib/gcc/msp430/4.7.0/mmpy-16/libcrt0.a(__stop_progExec__.o)
                0x00004336                __stop_progExec__
 *(.fini8)
 *(.fini7)
 *(.fini6)
 *(.fini5)
 *(.fini4)
 *(.fini3)
 *(.fini2)
 *(.fini1)
 *(.fini0)
 .fini0         0x00004336        0x6 /usr/local/msp430/bin/../lib/gcc/msp430/4.7.0/mmpy-16/libcrt0.a(_endless_loop__.o)
                0x00004336                _endless_loop__
 *(.fini .fini.*)
                0x0000433c                . = ALIGN (0x2)
                0x0000433c                __ctors_start = .
 *(.ctors)
                0x0000433c                __ctors_end = .
                0x0000433c                __dtors_start = .
 *(.dtors)
                0x0000433c                __dtors_end = .
                0x0000433c                . = ALIGN (0x2)
 *(.text .text.* .gnu.linkonce.t.*)
 .text          0x0000433c        0x4 /usr/local/msp430/bin/../lib/gcc/msp430/4.7.0/mmpy-16/crt0ivtbl16.o
                0x0000433c                __isr_14
                0x0000433c                __isr_11
                0x0000433c                __isr_2
                0x0000433c                __isr_7
                0x0000433c                __isr_0
                0x0000433c                __isr_8
                0x0000433c                __isr_3
                0x0000433c                __isr_12
                0x0000433c                __isr_13
                0x0000433c                __isr_9
 .text.process_thread_deluge_test_process
                0x00004340      0x1ce test-deluge.co
 .text.rimeaddr_copy
                0x0000450e        0xc contiki-sky.a(rimeaddr.o)
                0x0000450e                rimeaddr_copy
 .text.rimeaddr_cmp
                0x0000451a       0x12 contiki-sky.a(rimeaddr.o)
                0x0000451a                rimeaddr_cmp
 .text.rimeaddr_set_node_addr
                0x0000452c        0xc contiki-sky.a(rimeaddr.o)
                0x0000452c                rimeaddr_set_node_addr
 .text.input    0x00004538       0x3a contiki-sky.a(rime.o)
 .text.init     0x00004572       0x2e contiki-sky.a(rime.o)
 .text.packet_sent
                0x000045a0       0x44 contiki-sky.a(rime.o)
 .text.rime_output
                0x000045e4       0x24 contiki-sky.a(rime.o)
                0x000045e4                rime_output
 .text.announcement_init
                0x00004608        0xa contiki-sky.a(announcement.o)
                0x00004608                announcement_init
 .text.announcement_register_observer_callback
                0x00004612        0x6 contiki-sky.a(announcement.o)
                0x00004612                announcement_register_observer_callback
 .text.announcement_list
                0x00004618        0xa contiki-sky.a(announcement.o)
                0x00004618                announcement_list
 .text.announcement_heard
                0x00004622       0x42 contiki-sky.a(announcement.o)
                0x00004622                announcement_heard
 .text.adv_packet_sent
                0x00004664        0x2 contiki-sky.a(broadcast-annou)
 .text.adv_packet_received
                0x00004666       0x64 contiki-sky.a(broadcast-annou)
 .text.set_timers
                0x000046ca       0x4a contiki-sky.a(broadcast-annou)
 .text.send_timer
                0x00004714       0x32 contiki-sky.a(broadcast-annou)
 .text.send_adv
                0x00004746       0x66 contiki-sky.a(broadcast-annou)
 .text.new_announcement
                0x000047ac       0x18 contiki-sky.a(broadcast-annou)
 .text.broadcast_announcement_init
                0x000047c4       0x48 contiki-sky.a(broadcast-annou)
                0x000047c4                broadcast_announcement_init
 .text.sent_by_abc
                0x0000480c       0x10 contiki-sky.a(broadcast.o)
 .text.recv_from_abc
                0x0000481c       0x26 contiki-sky.a(broadcast.o)
 .text.broadcast_open
                0x00004842       0x2a contiki-sky.a(broadcast.o)
                0x00004842                broadcast_open
 .text.broadcast_close
                0x0000486c        0x6 contiki-sky.a(broadcast.o)
                0x0000486c                broadcast_close
 .text.broadcast_send
                0x00004872       0x1a contiki-sky.a(broadcast.o)
                0x00004872                broadcast_send
 .text.abc_open
                0x0000488c       0x26 contiki-sky.a(abc.o)
                0x0000488c                abc_open
 .text.abc_close
                0x000048b2        0x6 contiki-sky.a(abc.o)
                0x000048b2                abc_close
 .text.abc_send
                0x000048b8        0x6 contiki-sky.a(abc.o)
                0x000048b8                abc_send
 .text.abc_input
                0x000048be        0xe contiki-sky.a(abc.o)
                0x000048be                abc_input
 .text.abc_sent
                0x000048cc       0x10 contiki-sky.a(abc.o)
                0x000048cc                abc_sent
 .text.chameleon_init
                0x000048dc        0x6 contiki-sky.a(chameleon.o)
                0x000048dc                chameleon_init
 .text.chameleon_parse
                0x000048e2       0x10 contiki-sky.a(chameleon.o)
                0x000048e2                chameleon_parse
 .text.chameleon_create
                0x000048f2       0x1c contiki-sky.a(chameleon.o)
                0x000048f2                chameleon_create
 .text.chameleon_hdrsize
                0x0000490e        0x6 contiki-sky.a(chameleon.o)
                0x0000490e                chameleon_hdrsize
 .text.channel_init
                0x00004914        0xa contiki-sky.a(channel.o)
                0x00004914                channel_init
 .text.channel_open
                0x0000491e       0x10 contiki-sky.a(channel.o)
                0x0000491e                channel_open
 .text.channel_close
                0x0000492e        0xc contiki-sky.a(channel.o)
                0x0000492e                channel_close
 .text.channel_lookup
                0x0000493a       0x20 contiki-sky.a(channel.o)
                0x0000493a                channel_lookup
 .text.channel_set_attributes
                0x0000495a       0x24 contiki-sky.a(channel.o)
                0x0000495a                channel_set_attributes
 .text.header_size
                0x0000497e       0x16 contiki-sky.a(chameleon-bitop)
 .text.get_bits_in_byte
                0x00004994       0x3a contiki-sky.a(chameleon-bitop)
                0x00004994                get_bits_in_byte
 .text.get_bits
                0x000049ce       0xa2 contiki-sky.a(chameleon-bitop)
                0x000049ce                get_bits
 .text.unpack_header
                0x00004a70       0xd2 contiki-sky.a(chameleon-bitop)
 .text.set_bits_in_byte
                0x00004b42       0x2c contiki-sky.a(chameleon-bitop)
                0x00004b42                set_bits_in_byte
 .text.set_bits
                0x00004b6e       0xc8 contiki-sky.a(chameleon-bitop)
                0x00004b6e                set_bits
 .text.pack_header
                0x00004c36       0xbe contiki-sky.a(chameleon-bitop)
 .text.input_packet
                0x00004cf4        0x6 contiki-sky.a(csma.o)
 .text.on       0x00004cfa        0x6 contiki-sky.a(csma.o)
 .text.off      0x00004d00        0x6 contiki-sky.a(csma.o)
 .text.channel_check_interval
                0x00004d06       0x10 contiki-sky.a(csma.o)
 .text.transmit_packet_list
                0x00004d16       0x24 contiki-sky.a(csma.o)
 .text.init     0x00004d3a       0x1a contiki-sky.a(csma.o)
 .text.send_packet
                0x00004d54      0x162 contiki-sky.a(csma.o)
 .text.free_packet
                0x00004eb6       0x98 contiki-sky.a(csma.o)
 .text.packet_sent
                0x00004f4e      0x130 contiki-sky.a(csma.o)
 .text.duty_cycle
                0x0000507e        0x6 contiki-sky.a(contikimac.o)
 .text.init     0x00005084       0x2e contiki-sky.a(contikimac.o)
 .text.on       0x000050b2       0x1a contiki-sky.a(contikimac.o)
 .text.off      0x000050cc       0x22 contiki-sky.a(contikimac.o)
 .text.recv_burst_off
                0x000050ee        0xa contiki-sky.a(contikimac.o)
 .text.turn_off
                0x000050f8       0x20 contiki-sky.a(contikimac.o)
 .text.turn_on  0x00005118       0x30 contiki-sky.a(contikimac.o)
 .text.schedule_powercycle_fixed.part.4
                0x00005148       0x34 contiki-sky.a(contikimac.o)
 .text.powercycle_turn_radio_off
                0x0000517c       0x30 contiki-sky.a(contikimac.o)
 .text.input_packet
                0x000051ac      0x122 contiki-sky.a(contikimac.o)
 .text.send_packet
                0x000052ce      0x2c8 contiki-sky.a(contikimac.o)
 .text.qsend_list
                0x00005596       0x82 contiki-sky.a(contikimac.o)
 .text.qsend_packet
                0x00005618       0x28 contiki-sky.a(contikimac.o)
 .text.powercycle
                0x00005640      0x1de contiki-sky.a(contikimac.o)
 .text.send_packet
                0x0000581e       0x44 contiki-sky.a(phase.o)
 .text.phase_update
                0x00005862       0x92 contiki-sky.a(phase.o)
                0x00005862                phase_update
 .text.phase_wait
                0x000058f4       0xf2 contiki-sky.a(phase.o)
                0x000058f4                phase_wait
 .text.phase_init
                0x000059e6       0x14 contiki-sky.a(phase.o)
                0x000059e6                phase_init
 .text.call_process
                0x000059fa       0x46 contiki-sky.a(process.o)
 .text.exit_process
                0x00005a40       0x96 contiki-sky.a(process.o)
 .text.do_poll  0x00005ad6       0x30 contiki-sky.a(process.o)
 .text.process_alloc_event
                0x00005b06        0xe contiki-sky.a(process.o)
                0x00005b06                process_alloc_event
 .text.process_exit
                0x00005b14        0xa contiki-sky.a(process.o)
                0x00005b14                process_exit
 .text.process_init
                0x00005b1e       0x1c contiki-sky.a(process.o)
                0x00005b1e                process_init
 .text.process_run
                0x00005b3a       0xa2 contiki-sky.a(process.o)
                0x00005b3a                process_run
 .text.process_nevents
                0x00005bdc        0xe contiki-sky.a(process.o)
                0x00005bdc                process_nevents
 .text.process_post
                0x00005bea       0x54 contiki-sky.a(process.o)
                0x00005bea                process_post
 .text.process_post_synch
                0x00005c3e       0x12 contiki-sky.a(process.o)
                0x00005c3e                process_post_synch
 .text.process_start
                0x00005c50       0x36 contiki-sky.a(process.o)
                0x00005c50                process_start
 .text.process_poll
                0x00005c86       0x18 contiki-sky.a(process.o)
                0x00005c86                process_poll
 .text.autostart_start
                0x00005c9e       0x16 contiki-sky.a(autostart.o)
                0x00005c9e                autostart_start
 .text.autostart_exit
                0x00005cb4       0x14 contiki-sky.a(autostart.o)
                0x00005cb4                autostart_exit
 .text.seek_read
                0x00005cc8       0x28 contiki-sky.a(elfloader.o)
 .text.find_local_symbol
                0x00005cf0       0xb8 contiki-sky.a(elfloader.o)
 .text.relocate_section.isra.0
                0x00005da8      0x17a contiki-sky.a(elfloader.o)
 .text.elfloader_load
                0x00005f22      0x482 contiki-sky.a(elfloader.o)
                0x00005f22                elfloader_load
 .text.compower_accumulate
                0x000063a4       0x72 contiki-sky.a(compower.o)
                0x000063a4                compower_accumulate
 .text.compower_clear
                0x00006416       0x12 contiki-sky.a(compower.o)
                0x00006416                compower_clear
 .text.compower_attrconv
                0x00006428       0x10 contiki-sky.a(compower.o)
                0x00006428                compower_attrconv
 .text.process_thread_serial_line_process
                0x00006438       0x9e contiki-sky.a(serial-line.o)
 .text.serial_line_input_byte
                0x000064d6       0x4a contiki-sky.a(serial-line.o)
                0x000064d6                serial_line_input_byte
 .text.serial_line_init
                0x00006520       0x1c contiki-sky.a(serial-line.o)
                0x00006520                serial_line_init
 .text.memb_init
                0x0000653c       0x36 contiki-sky.a(memb.o)
                0x0000653c                memb_init
 .text.memb_alloc
                0x00006572       0x3e contiki-sky.a(memb.o)
                0x00006572                memb_alloc
 .text.memb_free
                0x000065b0       0x3a contiki-sky.a(memb.o)
                0x000065b0                memb_free
 .text.memb_inmemb
                0x000065ea       0x2a contiki-sky.a(memb.o)
                0x000065ea                memb_inmemb
 .text.timer_set
                0x00006614       0x1c contiki-sky.a(timer.o)
                0x00006614                timer_set
 .text.timer_reset
                0x00006630        0xe contiki-sky.a(timer.o)
                0x00006630                timer_reset
 .text.timer_expired
                0x0000663e       0x2a contiki-sky.a(timer.o)
                0x0000663e                timer_expired
 .text.list_init
                0x00006668        0x6 contiki-sky.a(list.o)
                0x00006668                list_init
 .text.list_head
                0x0000666e        0x4 contiki-sky.a(list.o)
                0x0000666e                list_head
 .text.list_tail
                0x00006672       0x12 contiki-sky.a(list.o)
                0x00006672                list_tail
 .text.list_remove
                0x00006684       0x34 contiki-sky.a(list.o)
                0x00006684                list_remove
 .text.list_push
                0x000066b8       0x1a contiki-sky.a(list.o)
                0x000066b8                list_push
 .text.list_add
                0x000066d2       0x2a contiki-sky.a(list.o)
                0x000066d2                list_add
 .text.list_length
                0x000066fc       0x10 contiki-sky.a(list.o)
                0x000066fc                list_length
 .text.list_item_next
                0x0000670c        0xc contiki-sky.a(list.o)
                0x0000670c                list_item_next
 .text.update_time
                0x00006718       0x78 contiki-sky.a(etimer.o)
 .text.etimer_request_poll
                0x00006790        0xa contiki-sky.a(etimer.o)
                0x00006790                etimer_request_poll
 .text.process_thread_etimer_process
                0x0000679a       0xcc contiki-sky.a(etimer.o)
 .text.add_timer
                0x00006866       0x40 contiki-sky.a(etimer.o)
 .text.etimer_set
                0x000068a6       0x12 contiki-sky.a(etimer.o)
                0x000068a6                etimer_set
 .text.etimer_reset
                0x000068b8       0x12 contiki-sky.a(etimer.o)
                0x000068b8                etimer_reset
 .text.etimer_expired
                0x000068ca        0xe contiki-sky.a(etimer.o)
                0x000068ca                etimer_expired
 .text.etimer_pending
                0x000068d8        0xc contiki-sky.a(etimer.o)
                0x000068d8                etimer_pending
 .text.etimer_next_expiration_time
                0x000068e4       0x16 contiki-sky.a(etimer.o)
                0x000068e4                etimer_next_expiration_time
 .text.etimer_stop
                0x000068fa       0x3e contiki-sky.a(etimer.o)
                0x000068fa                etimer_stop
 .text.process_thread_ctimer_process
                0x00006938       0xa8 contiki-sky.a(ctimer.o)
 .text.ctimer_init
                0x000069e0       0x18 contiki-sky.a(ctimer.o)
                0x000069e0                ctimer_init
 .text.ctimer_set
                0x000069f8       0x5a contiki-sky.a(ctimer.o)
                0x000069f8                ctimer_set
 .text.ctimer_reset
                0x00006a52       0x3a contiki-sky.a(ctimer.o)
                0x00006a52                ctimer_reset
 .text.ctimer_stop
                0x00006a8c       0x28 contiki-sky.a(ctimer.o)
                0x00006a8c                ctimer_stop
 .text.ctimer_expired
                0x00006ab4       0x30 contiki-sky.a(ctimer.o)
                0x00006ab4                ctimer_expired
 .text.energest_init
                0x00006ae4       0x26 contiki-sky.a(energest.o)
                0x00006ae4                energest_init
 .text.energest_type_time
                0x00006b0a       0x48 contiki-sky.a(energest.o)
                0x00006b0a                energest_type_time
 .text.energest_type_set
                0x00006b52        0xe contiki-sky.a(energest.o)
                0x00006b52                energest_type_set
 .text.energest_flush
                0x00006b60       0x48 contiki-sky.a(energest.o)
                0x00006b60                energest_flush
 .text.rtimer_init
                0x00006ba8        0x6 contiki-sky.a(rtimer.o)
                0x00006ba8                rtimer_init
 .text.rtimer_set
                0x00006bae       0x24 contiki-sky.a(rtimer.o)
                0x00006bae                rtimer_set
 .text.rtimer_run_next
                0x00006bd2       0x26 contiki-sky.a(rtimer.o)
                0x00006bd2                rtimer_run_next
 .text.random_init
                0x00006bf8        0x6 contiki-sky.a(random.o)
                0x00006bf8                random_init
 .text.random_rand
                0x00006bfe        0x6 contiki-sky.a(random.o)
                0x00006bfe                random_rand
 .text.ringbuf_init
                0x00006c04       0x14 contiki-sky.a(ringbuf.o)
                0x00006c04                ringbuf_init
 .text.ringbuf_put
                0x00006c18       0x38 contiki-sky.a(ringbuf.o)
                0x00006c18                ringbuf_put
 .text.ringbuf_get
                0x00006c50       0x32 contiki-sky.a(ringbuf.o)
                0x00006c50                ringbuf_get
 .text.item_from_index
                0x00006c82       0x2a contiki-sky.a(nbr-table.o)
 .text.index_from_key
                0x00006cac       0x12 contiki-sky.a(nbr-table.o)
 .text.index_from_item
                0x00006cbe       0x1e contiki-sky.a(nbr-table.o)
 .text.nbr_set_bit
                0x00006cdc       0x58 contiki-sky.a(nbr-table.o)
 .text.index_from_lladdr
                0x00006d34       0x42 contiki-sky.a(nbr-table.o)
 .text.nbr_get_bit.constprop.0
                0x00006d76       0x2e contiki-sky.a(nbr-table.o)
 .text.nbr_table_register
                0x00006da4       0x26 contiki-sky.a(nbr-table.o)
                0x00006da4                nbr_table_register
 .text.nbr_table_add_lladdr
                0x00006dca      0x128 contiki-sky.a(nbr-table.o)
                0x00006dca                nbr_table_add_lladdr
 .text.nbr_table_get_from_lladdr
                0x00006ef2       0x2c contiki-sky.a(nbr-table.o)
                0x00006ef2                nbr_table_get_from_lladdr
 .text.nbr_table_remove
                0x00006f1e       0x32 contiki-sky.a(nbr-table.o)
                0x00006f1e                nbr_table_remove
 .text.packetbuf_copyto_hdr
                0x00006f50       0x1c contiki-sky.a(packetbuf.o)
                0x00006f50                packetbuf_copyto_hdr
 .text.packetbuf_copyto
                0x00006f6c       0x52 contiki-sky.a(packetbuf.o)
                0x00006f6c                packetbuf_copyto
 .text.packetbuf_hdr_remove
                0x00006fbe        0x6 contiki-sky.a(packetbuf.o)
                0x00006fbe                packetbuf_hdr_remove
 .text.packetbuf_hdrreduce
                0x00006fc4       0x1a contiki-sky.a(packetbuf.o)
                0x00006fc4                packetbuf_hdrreduce
 .text.packetbuf_set_datalen
                0x00006fde        0x6 contiki-sky.a(packetbuf.o)
                0x00006fde                packetbuf_set_datalen
 .text.packetbuf_dataptr
                0x00006fe4        0xe contiki-sky.a(packetbuf.o)
                0x00006fe4                packetbuf_dataptr
 .text.packetbuf_hdrptr
                0x00006ff2        0xa contiki-sky.a(packetbuf.o)
                0x00006ff2                packetbuf_hdrptr
 .text.packetbuf_is_reference
                0x00006ffc        0xe contiki-sky.a(packetbuf.o)
                0x00006ffc                packetbuf_is_reference
 .text.packetbuf_compact
                0x0000700a       0x48 contiki-sky.a(packetbuf.o)
                0x0000700a                packetbuf_compact
 .text.packetbuf_reference_ptr
                0x00007052        0x6 contiki-sky.a(packetbuf.o)
                0x00007052                packetbuf_reference_ptr
 .text.packetbuf_datalen
                0x00007058        0x6 contiki-sky.a(packetbuf.o)
                0x00007058                packetbuf_datalen
 .text.packetbuf_totlen
                0x0000705e       0x10 contiki-sky.a(packetbuf.o)
                0x0000705e                packetbuf_totlen
 .text.packetbuf_hdralloc
                0x0000706e       0x2e contiki-sky.a(packetbuf.o)
                0x0000706e                packetbuf_hdralloc
 .text.packetbuf_attr_clear
                0x0000709c       0x2c contiki-sky.a(packetbuf.o)
                0x0000709c                packetbuf_attr_clear
 .text.packetbuf_clear
                0x000070c8       0x1a contiki-sky.a(packetbuf.o)
                0x000070c8                packetbuf_clear
 .text.packetbuf_copyfrom
                0x000070e2       0x2e contiki-sky.a(packetbuf.o)
                0x000070e2                packetbuf_copyfrom
 .text.packetbuf_attr_copyto
                0x00007110       0x20 contiki-sky.a(packetbuf.o)
                0x00007110                packetbuf_attr_copyto
 .text.packetbuf_attr_copyfrom
                0x00007130       0x22 contiki-sky.a(packetbuf.o)
                0x00007130                packetbuf_attr_copyfrom
 .text.queuebuf_init
                0x00007152       0x1a contiki-sky.a(queuebuf.o)
                0x00007152                queuebuf_init
 .text.queuebuf_new_from_packetbuf
                0x0000716c       0x7e contiki-sky.a(queuebuf.o)
                0x0000716c                queuebuf_new_from_packetbuf
 .text.queuebuf_update_attr_from_packetbuf
                0x000071ea       0x12 contiki-sky.a(queuebuf.o)
                0x000071ea                queuebuf_update_attr_from_packetbuf
 .text.queuebuf_free
                0x000071fc       0x40 contiki-sky.a(queuebuf.o)
                0x000071fc                queuebuf_free
 .text.queuebuf_to_packetbuf
                0x0000723c       0x6e contiki-sky.a(queuebuf.o)
                0x0000723c                queuebuf_to_packetbuf
 .text.queuebuf_attr
                0x000072aa        0xe contiki-sky.a(queuebuf.o)
                0x000072aa                queuebuf_attr
 .text.highest_available_page
                0x000072b8       0x34 contiki-sky.a(deluge.o)
 .text.process_thread_deluge_process
                0x000072ec      0x154 contiki-sky.a(deluge.o)
 .text.transition
                0x00007440       0x3e contiki-sky.a(deluge.o)
 .text.send_request
                0x0000747e       0x78 contiki-sky.a(deluge.o)
 .text.read_page
                0x000074f6       0x3e contiki-sky.a(deluge.o)
 .text.send_page
                0x00007534       0xc8 contiki-sky.a(deluge.o)
 .text.send_profile
                0x000075fc       0xb0 contiki-sky.a(deluge.o)
 .text.advertise_summary
                0x000076ac       0x4a contiki-sky.a(deluge.o)
 .text.tx_callback
                0x000076f6       0x40 contiki-sky.a(deluge.o)
 .text.command_dispatcher
                0x00007736      0x53a contiki-sky.a(deluge.o)
 .text.unicast_recv
                0x00007c70        0x8 contiki-sky.a(deluge.o)
 .text.broadcast_recv
                0x00007c78        0x8 contiki-sky.a(deluge.o)
 .text.deluge_disseminate
                0x00007c80      0x14a contiki-sky.a(deluge.o)
                0x00007c80                deluge_disseminate
 .text.init_platform
                0x00007dca        0xc contiki-sky.a(contiki-sky-pla)
                0x00007dca                init_platform
 .text.status   0x00007dd6       0x18 contiki-sky.a(button-sensor.o)
 .text.value    0x00007dee       0x20 contiki-sky.a(button-sensor.o)
 .text.configure
                0x00007e0e       0x4c contiki-sky.a(button-sensor.o)
 .text.irq_p2   0x00007e5a       0x88 contiki-sky.a(button-sensor.o)
                0x00007e5a                irq_p2
                0x00007e5a                __isr_1
 .text.owreadb  0x00007ee2       0x50 contiki-sky.a(ds2411.o)
 .text.ds2411_init
                0x00007f32      0x120 contiki-sky.a(ds2411.o)
                0x00007f32                ds2411_init
 .text.write_enable
                0x00008052       0x28 contiki-sky.a(xmem.o)
 .text.wait_ready
                0x0000807a       0x4a contiki-sky.a(xmem.o)
 .text.xmem_init
                0x000080c4       0x3c contiki-sky.a(xmem.o)
                0x000080c4                xmem_init
 .text.xmem_pread
                0x00008100       0xe0 contiki-sky.a(xmem.o)
                0x00008100                xmem_pread
 .text.xmem_pwrite
                0x000081e0      0x13a contiki-sky.a(xmem.o)
                0x000081e0                xmem_pwrite
 .text.xmem_erase
                0x0000831a       0xba contiki-sky.a(xmem.o)
                0x0000831a                xmem_erase
 .text.node_id_restore
                0x000083d4       0x38 contiki-sky.a(node-id.o)
                0x000083d4                node_id_restore
 .text.process_thread_sensors_process
                0x0000840c       0xc2 contiki-sky.a(sensors.o)
 .text.sensors_changed
                0x000084ce       0x2a contiki-sky.a(sensors.o)
                0x000084ce                sensors_changed
 .text.next_file
                0x000084f8       0x22 contiki-sky.a(cfs-coffee.o)
 .text.load_file
                0x0000851a       0x6c contiki-sky.a(cfs-coffee.o)
 .text.read_header
                0x00008586       0x26 contiki-sky.a(cfs-coffee.o)
 .text.find_file
                0x000085ac       0xaa contiki-sky.a(cfs-coffee.o)
 .text.find_contiguous_pages
                0x00008656       0x74 contiki-sky.a(cfs-coffee.o)
 .text.file_end
                0x000086ca       0xd0 contiki-sky.a(cfs-coffee.o)
 .text.write_header
                0x0000879a       0x2a contiki-sky.a(cfs-coffee.o)
 .text.remove_by_page.isra.0
                0x000087c4       0xae contiki-sky.a(cfs-coffee.o)
 .text.reserve  0x00008872      0x220 contiki-sky.a(cfs-coffee.o)
 .text.read_log_page
                0x00008a92      0x206 contiki-sky.a(cfs-coffee.o)
 .text.cfs_open
                0x00008c98       0xc2 contiki-sky.a(cfs-coffee.o)
                0x00008c98                cfs_open
 .text.cfs_close
                0x00008d5a       0x2e contiki-sky.a(cfs-coffee.o)
                0x00008d5a                cfs_close
 .text.cfs_seek
                0x00008d88       0xa4 contiki-sky.a(cfs-coffee.o)
                0x00008d88                cfs_seek
 .text.cfs_read
                0x00008e2c      0x14e contiki-sky.a(cfs-coffee.o)
                0x00008e2c                cfs_read
 .text.merge_log
                0x00008f7a      0x1ac contiki-sky.a(cfs-coffee.o)
 .text.cfs_write
                0x00009126      0x5e0 contiki-sky.a(cfs-coffee.o)
                0x00009126                cfs_write
 .text.strobe   0x00009706       0x1c contiki-sky.a(cc2420.o)
 .text.status   0x00009722       0x22 contiki-sky.a(cc2420.o)
 .text.getreg   0x00009744       0x4c contiki-sky.a(cc2420.o)
 .text.setreg   0x00009790       0x4c contiki-sky.a(cc2420.o)
 .text.set_txpower
                0x000097dc       0x24 contiki-sky.a(cc2420.o)
 .text.cc2420_receiving_packet
                0x00009800        0xc contiki-sky.a(cc2420.o)
 .text.pending_packet
                0x0000980c        0x8 contiki-sky.a(cc2420.o)
 .text.on       0x00009814       0x44 contiki-sky.a(cc2420.o)
 .text.flushrx  0x00009858       0x6c contiki-sky.a(cc2420.o)
 .text.off      0x000098c4       0x72 contiki-sky.a(cc2420.o)
 .text.RELEASE_LOCK
                0x00009936       0x28 contiki-sky.a(cc2420.o)
 .text.cc2420_prepare
                0x0000995e       0x82 contiki-sky.a(cc2420.o)
 .text.getrxdata
                0x000099e0       0x50 contiki-sky.a(cc2420.o)
 .text.cc2420_on
                0x00009a30       0x22 contiki-sky.a(cc2420.o)
                0x00009a30                cc2420_on
 .text.cc2420_off
                0x00009a52       0x30 contiki-sky.a(cc2420.o)
                0x00009a52                cc2420_off
 .text.cc2420_cca
                0x00009a82       0x82 contiki-sky.a(cc2420.o)
 .text.cc2420_read
                0x00009b04       0xda contiki-sky.a(cc2420.o)
 .text.process_thread_cc2420_process
                0x00009bde       0x54 contiki-sky.a(cc2420.o)
 .text.cc2420_set_channel
                0x00009c32       0x80 contiki-sky.a(cc2420.o)
                0x00009c32                cc2420_set_channel
 .text.cc2420_set_pan_addr
                0x00009cb2      0x13e contiki-sky.a(cc2420.o)
                0x00009cb2                cc2420_set_pan_addr
 .text.cc2420_interrupt
                0x00009df0       0x1e contiki-sky.a(cc2420.o)
                0x00009df0                cc2420_interrupt
 .text.cc2420_get_txpower
                0x00009e0e       0x1e contiki-sky.a(cc2420.o)
                0x00009e0e                cc2420_get_txpower
 .text.cc2420_transmit
                0x00009e2c      0x1a6 contiki-sky.a(cc2420.o)
 .text.cc2420_send
                0x00009fd2       0x12 contiki-sky.a(cc2420.o)
 .text.cc2420_set_cca_threshold
                0x00009fe4       0x16 contiki-sky.a(cc2420.o)
                0x00009fe4                cc2420_set_cca_threshold
 .text.cc2420_init
                0x00009ffa       0xd2 contiki-sky.a(cc2420.o)
                0x00009ffa                cc2420_init
 .text.cc2420_port1_interrupt
                0x0000a0cc       0x62 contiki-sky.a(cc2420-arch.o)
                0x0000a0cc                __isr_4
                0x0000a0cc                cc2420_port1_interrupt
 .text.cc2420_arch_init
                0x0000a12e       0x1a contiki-sky.a(cc2420-arch.o)
                0x0000a12e                cc2420_arch_init
 .text.handle_rxdma_timer
                0x0000a148       0x3a contiki-sky.a(uart1.o)
 .text.uart1_active
                0x0000a182       0x18 contiki-sky.a(uart1.o)
                0x0000a182                uart1_active
 .text.uart1_set_input
                0x0000a19a       0x20 contiki-sky.a(uart1.o)
                0x0000a19a                uart1_set_input
 .text.uart1_writeb
                0x0000a1ba       0x18 contiki-sky.a(uart1.o)
                0x0000a1ba                uart1_writeb
 .text.uart1_init
                0x0000a1d2       0xf4 contiki-sky.a(uart1.o)
                0x0000a1d2                uart1_init
 .text.putchar  0x0000a2c6       0x10 contiki-sky.a(uart1-putchar.o)
                0x0000a2c6                putchar
 .text.msp430_init_dco
                0x0000a2d6       0x82 contiki-sky.a(msp430.o)
                0x0000a2d6                msp430_init_dco
 .text.msp430_add_lpm_req
                0x0000a358        0xc contiki-sky.a(msp430.o)
                0x0000a358                msp430_add_lpm_req
 .text.msp430_cpu_init
                0x0000a364       0x2a contiki-sky.a(msp430.o)
                0x0000a364                msp430_cpu_init
 .text.splhigh_
                0x0000a38e        0x8 contiki-sky.a(msp430.o)
                0x0000a38e                splhigh_
 .text.msp430_sync_dco
                0x0000a396       0x6c contiki-sky.a(msp430.o)
                0x0000a396                msp430_sync_dco
 .text.timera1  0x0000a402       0xfe contiki-sky.a(clock.o)
                0x0000a402                __isr_5
                0x0000a402                timera1
 .text.clock_time
                0x0000a500       0x1a contiki-sky.a(clock.o)
                0x0000a500                clock_time
 .text.clock_init
                0x0000a51a       0x28 contiki-sky.a(clock.o)
                0x0000a51a                clock_init
 .text.clock_delay
                0x0000a542        0xc contiki-sky.a(clock.o)
                0x0000a542                clock_delay
 .text.show_leds
                0x0000a54e      0x100 contiki-sky.a(leds.o)
 .text.leds_init
                0x0000a64e        0xe contiki-sky.a(leds.o)
                0x0000a64e                leds_init
 .text.leds_on  0x0000a65c       0x14 contiki-sky.a(leds.o)
                0x0000a65c                leds_on
 .text.leds_off
                0x0000a670       0x14 contiki-sky.a(leds.o)
                0x0000a670                leds_off
 .text.leds_arch_init
                0x0000a684        0xe contiki-sky.a(leds-arch.o)
                0x0000a684                leds_arch_init
 .text.leds_arch_set
                0x0000a692       0x38 contiki-sky.a(leds-arch.o)
                0x0000a692                leds_arch_set
 .text.watchdog_interrupt
                0x0000a6ca        0x6 contiki-sky.a(watchdog.o)
                0x0000a6ca                __isr_10
                0x0000a6ca                watchdog_interrupt
 .text.watchdog_start
                0x0000a6d0       0x14 contiki-sky.a(watchdog.o)
                0x0000a6d0                watchdog_start
 .text.watchdog_periodic
                0x0000a6e4       0x12 contiki-sky.a(watchdog.o)
                0x0000a6e4                watchdog_periodic
 .text.watchdog_stop
                0x0000a6f6       0x16 contiki-sky.a(watchdog.o)
                0x0000a6f6                watchdog_stop
 .text.watchdog_init
                0x0000a70c       0x12 contiki-sky.a(watchdog.o)
                0x0000a70c                watchdog_init
 .text.rtimer_arch_init
                0x0000a71e        0xe contiki-sky.a(rtimer-arch.o)
                0x0000a71e                rtimer_arch_init
 .text.rtimer_arch_now
                0x0000a72c        0xe contiki-sky.a(rtimer-arch.o)
                0x0000a72c                rtimer_arch_now
 .text.timera0  0x0000a73a       0x70 contiki-sky.a(rtimer-arch.o)
                0x0000a73a                __isr_6
                0x0000a73a                timera0
 .text.rtimer_arch_schedule
                0x0000a7aa        0x6 contiki-sky.a(rtimer-arch.o)
                0x0000a7aa                rtimer_arch_schedule
 .text.elfloader_arch_allocate_ram
                0x0000a7b0        0x6 contiki-sky.a(elfloader-msp43)
                0x0000a7b0                elfloader_arch_allocate_ram
 .text.elfloader_arch_allocate_rom
                0x0000a7b6        0x6 contiki-sky.a(elfloader-msp43)
                0x0000a7b6                elfloader_arch_allocate_rom
 .text.elfloader_arch_write_rom
                0x0000a7bc       0x28 contiki-sky.a(elfloader-msp43)
                0x0000a7bc                elfloader_arch_write_rom
 .text.elfloader_arch_relocate
                0x0000a7e4       0x38 contiki-sky.a(elfloader-msp43)
                0x0000a7e4                elfloader_arch_relocate
 .text.symtab_lookup
                0x0000a81c       0x62 contiki-sky.a(symtab.o)
                0x0000a81c                symtab_lookup
 .text.sent_by_broadcast
                0x0000a87e       0x10 contiki-sky.a(unicast.o)
 .text.recv_from_broadcast
                0x0000a88e       0x2e contiki-sky.a(unicast.o)
 .text.unicast_open
                0x0000a8bc       0x2a contiki-sky.a(unicast.o)
                0x0000a8bc                unicast_open
 .text.unicast_close
                0x0000a8e6        0x6 contiki-sky.a(unicast.o)
                0x0000a8e6                unicast_close
 .text.unicast_send
                0x0000a8ec       0x16 contiki-sky.a(unicast.o)
                0x0000a8ec                unicast_send
 .text.mac_call_sent_callback
                0x0000a902       0x14 contiki-sky.a(mac.o)
                0x0000a902                mac_call_sent_callback
 .text.create   0x0000a916      0x106 contiki-sky.a(framer-802154.o)
 .text.parse    0x0000aa1c       0xac contiki-sky.a(framer-802154.o)
 .text.crc16_add
                0x0000aac8       0x56 contiki-sky.a(crc16.o)
                0x0000aac8                crc16_add
 .text.crc16_data
                0x0000ab1e       0x2a contiki-sky.a(crc16.o)
                0x0000ab1e                crc16_data
 .text.spi_init
                0x0000ab48       0x30 contiki-sky.a(spi.o)
                0x0000ab48                spi_init
 .text.field_len
                0x0000ab78       0x90 contiki-sky.a(frame802154.o)
 .text.frame802154_hdrlen
                0x0000ac08       0x2e contiki-sky.a(frame802154.o)
                0x0000ac08                frame802154_hdrlen
 .text.frame802154_create
                0x0000ac36      0x172 contiki-sky.a(frame802154.o)
                0x0000ac36                frame802154_create
 .text.frame802154_parse
                0x0000ada8      0x1c4 contiki-sky.a(frame802154.o)
                0x0000ada8                frame802154_parse
 .text.libgcc   0x0000af6c       0x2c /usr/local/msp430/bin/../lib/gcc/msp430/4.7.0/mmpy-16/libgcc.a(_mulsi3.o)
                0x0000af6c                __mulsi3
 .text.libgcc   0x0000af98       0x22 /usr/local/msp430/bin/../lib/gcc/msp430/4.7.0/mmpy-16/libgcc.a(_udivmod16.o)
                0x0000af98                __udivhi3
                0x0000af98                __ext_udivmod16
                0x0000afb2                __umodhi3
 .text.libgcc   0x0000afba       0x3a /usr/local/msp430/bin/../lib/gcc/msp430/4.7.0/mmpy-16/libgcc.a(_divmod16.o)
                0x0000afba                __ext_divmod16
                0x0000afba                __divhi3
                0x0000afec                __modhi3
 .text.libgcc   0x0000aff4       0x40 /usr/local/msp430/bin/../lib/gcc/msp430/4.7.0/mmpy-16/libgcc.a(_udivmod32.o)
                0x0000aff4                __udivsi3
                0x0000aff4                __ext_udivmod32
                0x0000b02a                __umodsi3
 .text.libgcc   0x0000b034       0x4c /usr/local/msp430/bin/../lib/gcc/msp430/4.7.0/mmpy-16/libgcc.a(_divmod32.o)
                0x0000b034                __ext_divmod32
                0x0000b034                __divsi3
                0x0000b076                __modsi3
 .text.malloc   0x0000b080       0xd0 /usr/local/msp430/bin/../lib/gcc/msp430/4.7.0/../../../../msp430/lib/mmpy-16/libc.a(malloc.o)
                0x0000b080                malloc
 .text.free     0x0000b150        0x6 /usr/local/msp430/bin/../lib/gcc/msp430/4.7.0/../../../../msp430/lib/mmpy-16/libc.a(malloc.o)
                0x0000b150                free
 .text.printf   0x0000b156       0x10 /usr/local/msp430/bin/../lib/gcc/msp430/4.7.0/../../../../msp430/lib/mmpy-16/libc.a(printf.o)
                0x0000b156                printf
 .text.print_field
                0x0000b166      0x194 /usr/local/msp430/bin/../lib/gcc/msp430/4.7.0/../../../../msp430/lib/mmpy-16/libc.a(vuprintf.o)
 .text.vuprintf
                0x0000b2fa      0x63c /usr/local/msp430/bin/../lib/gcc/msp430/4.7.0/../../../../msp430/lib/mmpy-16/libc.a(vuprintf.o)
                0x0000b2fa                vuprintf
 .text.puts     0x0000b936       0x2c /usr/local/msp430/bin/../lib/gcc/msp430/4.7.0/../../../../msp430/lib/mmpy-16/libc.a(puts.o)
                0x0000b936                puts
 .text.rand     0x0000b962       0x26 /usr/local/msp430/bin/../lib/gcc/msp430/4.7.0/../../../../msp430/lib/mmpy-16/libc.a(rand.o)
                0x0000b962                rand
 .text.srand    0x0000b988        0xa /usr/local/msp430/bin/../lib/gcc/msp430/4.7.0/../../../../msp430/lib/mmpy-16/libc.a(rand.o)
                0x0000b988                srand
 .text.strcmp   0x0000b992       0x1e /usr/local/msp430/bin/../lib/gcc/msp430/4.7.0/../../../../msp430/lib/mmpy-16/libc.a(strcmp.o)
                0x0000b992                strcmp
 .text.strncmp  0x0000b9b0       0x2a /usr/local/msp430/bin/../lib/gcc/msp430/4.7.0/../../../../msp430/lib/mmpy-16/libc.a(strncmp.o)
                0x0000b9b0                strncmp
 .text.memcmp   0x0000b9da       0x30 /usr/local/msp430/bin/../lib/gcc/msp430/4.7.0/../../../../msp430/lib/mmpy-16/libc.a(memcmp.o)
                0x0000b9da                memcmp
 .text.strcpy   0x0000ba0a       0x14 /usr/local/msp430/bin/../lib/gcc/msp430/4.7.0/../../../../msp430/lib/mmpy-16/libc.a(strcpy.o)
                0x0000ba0a                strcpy
 .text.memcpy   0x0000ba1e       0xfa /usr/local/msp430/bin/../lib/gcc/msp430/4.7.0/../../../../msp430/lib/mmpy-16/libc.a(memcpy.o)
                0x0000ba1e                memcpy
 .text.memset   0x0000bb18       0x6a /usr/local/msp430/bin/../lib/gcc/msp430/4.7.0/../../../../msp430/lib/mmpy-16/libc.a(memset.o)
                0x0000bb18                memset
 .text.libgcc   0x0000bb82       0xf0 /usr/local/msp430/bin/../lib/gcc/msp430/4.7.0/mmpy-16/libgcc.a(_udivmod64.o)
                0x0000bb82                __xabi_udivmod64
                0x0000bbe0                __udivdi3
                0x0000bc06                __umoddi3
                0x0000bc34                __udivmoddi4
 .text.crt0     0x0000bc72        0x2 /usr/local/msp430/bin/../lib/gcc/msp430/4.7.0/mmpy-16/libcrt0.a(_unexpected_.o)
                0x0000bc72                _unexpected_
 *(.near.text .near.text.*)

.rodata         0x0000bc74      0x479
                0x0000bc74                . = ALIGN (0x2)
 *(.rodata .rodata.* .gnu.linkonce.r.*)
 .rodata        0x0000bc74      0x1f2 test-deluge.co
                0x0000bdb2                autostart_processes
 .rodata        0x0000be66       0xe1 obj_sky/contiki-sky-main.o
 *fill*         0x0000bf47        0x1 00
 .rodata        0x0000bf48        0x2 contiki-sky.a(rimeaddr.o)
                0x0000bf48                rimeaddr_null
 .rodata        0x0000bf4a        0xc contiki-sky.a(rime.o)
                0x0000bf50                rime_driver
 .rodata        0x0000bf56        0x4 contiki-sky.a(broadcast-annou)
 .rodata        0x0000bf5a        0x8 contiki-sky.a(broadcast.o)
 .rodata        0x0000bf62        0x2 contiki-sky.a(abc.o)
 .rodata        0x0000bf64       0x10 contiki-sky.a(chameleon-bitop)
                0x0000bf64                chameleon_bitopt
 .rodata        0x0000bf74       0x14 contiki-sky.a(csma.o)
                0x0000bf7a                csma_driver
 .rodata        0x0000bf88       0x1c contiki-sky.a(contikimac.o)
                0x0000bf94                contikimac_driver
 .rodata        0x0000bfa4       0x77 contiki-sky.a(elfloader.o)
 .rodata        0x0000c01b        0xe contiki-sky.a(serial-line.o)
 .rodata        0x0000c029        0xc contiki-sky.a(etimer.o)
 .rodata        0x0000c035        0xf contiki-sky.a(ctimer.o)
 .rodata        0x0000c044       0x52 contiki-sky.a(deluge.o)
 .rodata        0x0000c096       0x10 contiki-sky.a(button-sensor.o)
                0x0000c09e                button_sensor
 .rodata        0x0000c0a6        0x8 contiki-sky.a(sensors.o)
 .rodata        0x0000c0ae       0x22 contiki-sky.a(cc2420.o)
                0x0000c0ae                cc2420_driver
 .rodata        0x0000c0d0        0x6 contiki-sky.a(symbols.o)
                0x0000c0d0                symbols
                0x0000c0d4                symbols_nelts
 .rodata        0x0000c0d6        0xa contiki-sky.a(unicast.o)
 .rodata        0x0000c0e0        0x4 contiki-sky.a(framer-802154.o)
                0x0000c0e0                framer_802154
 .rodata        0x0000c0e4        0x2 contiki-sky.a(frame802154.o)
 .rodata.vuprintf
                0x0000c0e6        0x7 /usr/local/msp430/bin/../lib/gcc/msp430/4.7.0/../../../../msp430/lib/mmpy-16/libc.a(vuprintf.o)
 *(.near.rodata .near.rodata.*)
                0x0000c0ee                . = ALIGN (0x2)
                0x0000c0ee                _etext = .

.data           0x00001100       0x98 load address 0x0000c0ee
                0x00001100                . = ALIGN (0x2)
                0x00001100                __data_start = .
 *(.data .data.* .gnu.linkonce.d.*)
 .data          0x00001100        0xa test-deluge.co
                0x00001100                deluge_test_process
 .data          0x0000110a       0x18 contiki-sky.a(csma.o)
 .data          0x00001122       0x10 contiki-sky.a(phase.o)
 .data          0x00001132        0xa contiki-sky.a(serial-line.o)
                0x00001132                serial_line_process
 .data          0x0000113c        0xa contiki-sky.a(etimer.o)
                0x0000113c                etimer_process
 .data          0x00001146        0xa contiki-sky.a(ctimer.o)
                0x00001146                ctimer_process
 .data          0x00001150        0x8 contiki-sky.a(nbr-table.o)
 .data          0x00001158       0x18 contiki-sky.a(queuebuf.o)
 .data          0x00001170        0xa contiki-sky.a(deluge.o)
                0x00001170                deluge_process
 .data          0x0000117a        0x4 contiki-sky.a(contiki-sky-pla)
                0x0000117a                sensors
 .data          0x0000117e        0xa contiki-sky.a(sensors.o)
                0x0000117e                sensors_process
 .data          0x00001188        0xa contiki-sky.a(cc2420.o)
                0x00001188                cc2420_process
 .data          0x00001192        0x2 contiki-sky.a(msp430.o)
 .data.next     0x00001194        0x4 /usr/local/msp430/bin/../lib/gcc/msp430/4.7.0/../../../../msp430/lib/mmpy-16/libc.a(rand.o)
 *(.near.data .near.data.*)
                0x00001198                . = ALIGN (0x2)
                0x00001198                _edata = .
                0x0000c0ee                __data_load_start = LOADADDR (.data)
                0x00000098                __data_size = SIZEOF (.data)

.bss            0x00001198     0x21ea load address 0x0000c186
                0x00001198                __bss_start = .
 *(.bss .bss.*)
 .bss           0x00001198        0xc test-deluge.co
 .bss           0x000011a4        0xc obj_sky/contiki-sky-main.o
 .bss           0x000011b0        0x2 contiki-sky.a(rime.o)
 .bss           0x000011b2        0x6 contiki-sky.a(announcement.o)
 .bss           0x000011b8       0x46 contiki-sky.a(broadcast-annou)
 .bss           0x000011fe        0x2 contiki-sky.a(channel.o)
 .bss           0x00001200      0x126 contiki-sky.a(csma.o)
 .bss           0x00001326       0x74 contiki-sky.a(contikimac.o)
 .bss           0x0000139a      0x148 contiki-sky.a(phase.o)
 .bss           0x000014e2       0x42 contiki-sky.a(process.o)
                0x000014e2                process_current
                0x000014e4                process_list
 .bss           0x00001524       0x18 contiki-sky.a(elfloader.o)
 .bss           0x0000153c        0x8 contiki-sky.a(compower.o)
 .bss           0x00001544      0x10a contiki-sky.a(serial-line.o)
 .bss           0x0000164e        0x6 contiki-sky.a(etimer.o)
 .bss           0x00001654        0x4 contiki-sky.a(ctimer.o)
 .bss           0x00001658        0x2 contiki-sky.a(rtimer.o)
 .bss           0x0000165a       0x4c contiki-sky.a(nbr-table.o)
 .bss           0x000016a6       0xba contiki-sky.a(packetbuf.o)
 .bss           0x00001760      0xc4e contiki-sky.a(queuebuf.o)
 .bss           0x000023ae      0x19e contiki-sky.a(deluge.o)
 .bss           0x0000254c        0x8 contiki-sky.a(button-sensor.o)
 .bss           0x00002554        0x2 contiki-sky.a(node-id.o)
                0x00002554                node_id
 .bss           0x00002556        0x6 contiki-sky.a(sensors.o)
 .bss           0x0000255c       0x90 contiki-sky.a(cfs-coffee.o)
 .bss           0x000025ec        0xa contiki-sky.a(cc2420.o)
 .bss           0x000025f6       0x9a contiki-sky.a(uart1.o)
 .bss           0x00002690        0xa contiki-sky.a(clock.o)
 .bss           0x0000269a        0x2 contiki-sky.a(leds.o)
 .bss           0x0000269c        0x2 contiki-sky.a(watchdog.o)
 .bss           0x0000269e      0xc02 contiki-sky.a(elfloader-msp43)
 .bss           0x000032a0        0x2 contiki-sky.a(framer-802154.o)
 .bss.once.1520
                0x000032a2        0x1 /usr/local/msp430/bin/../lib/gcc/msp430/4.7.0/../../../../msp430/lib/mmpy-16/libc.a(malloc.o)
 *(.near.bss .near.bss.*)
 *(COMMON)
 *fill*         0x000032a3        0x1 00
 COMMON         0x000032a4        0x2 contiki-sky.a(rimeaddr.o)
                0x000032a4                rimeaddr_node_addr
 COMMON         0x000032a6        0x1 contiki-sky.a(process.o)
                0x000032a6                process_maxevents
 *fill*         0x000032a7        0x1 00
 COMMON         0x000032a8       0x20 contiki-sky.a(elfloader.o)
                0x000032a8                elfloader_unknown
                0x000032c6                elfloader_autostart_processes
 COMMON         0x000032c8        0x8 contiki-sky.a(compower.o)
                0x000032c8                compower_idle_activity
 COMMON         0x000032d0        0x1 contiki-sky.a(serial-line.o)
                0x000032d0                serial_line_event_message
 *fill*         0x000032d1        0x1 00
 COMMON         0x000032d2       0x56 contiki-sky.a(energest.o)
                0x000032d2                energest_total_time
                0x00003302                energest_total_count
                0x00003304                energest_current_mode
                0x00003310                energest_current_time
 COMMON         0x00003328       0x38 contiki-sky.a(packetbuf.o)
                0x00003328                packetbuf_addrs
                0x00003330                packetbuf_attrs
 COMMON         0x00003360        0x2 contiki-sky.a(contiki-sky-pla)
                0x00003360                sensors_flags
 COMMON         0x00003362        0x8 contiki-sky.a(ds2411.o)
                0x00003362                ds2411_id
 COMMON         0x0000336a        0x1 contiki-sky.a(sensors.o)
                0x0000336a                sensors_event
 *fill*         0x0000336b        0x1 00
 COMMON         0x0000336c       0x14 contiki-sky.a(cc2420.o)
                0x0000336c                cc2420_last_rssi
                0x0000336e                cc2420_packets_read
                0x00003370                cc2420_packets_seen
                0x00003372                cc2420_sfd_start_time
                0x00003374                cc2420_time_of_departure
                0x00003376                cc2420_time_of_arrival
                0x00003378                cc2420_last_correlation
                0x0000337a                cc2420_authority_level_of_sender
                0x0000337c                cc2420_sfd_counter
                0x0000337e                cc2420_sfd_end_time
 COMMON         0x00003380        0x2 contiki-sky.a(msp430.o)
                0x00003380                msp430_dco_required
                0x00003382                . = ALIGN (0x2)
                0x00003382                __bss_end = .
                0x000021ea                __bss_size = SIZEOF (.bss)

.noinit         0x00003382        0x2 load address 0x0000c186
                0x00003382                . = ALIGN (0x2)
                0x00003382                __noinit_start = .
 *(.noinit .noinit.*)
 .noinit.crt0   0x00003382        0x2 /usr/local/msp430/bin/../lib/gcc/msp430/4.7.0/mmpy-16/libcrt0.a(__watchdog_support.o)
                0x00003382                __wdt_clear_value
                0x00003384                . = ALIGN (0x2)
                0x00003384                __noinit_end = .
                0x00003384                . = ALIGN (0x2)
                0x00003384                _end = .

.infomem        0x00001000        0x0
                0x00001000                . = ALIGN (0x2)
 *(.infomem .infomem.*)

.infomemnobits  0x00001000        0x0
                0x00001000                . = ALIGN (0x2)
 *(.infomemnobits .infomemnobits.*)

.infoa          0x00001080        0x0
                0x00001080                . = ALIGN (0x2)
 *(.infoa .infoa.*)

.infob          0x00001000        0x0
                0x00001000                . = ALIGN (0x2)
 *(.infob .infob.*)

.infoc          0x00000000        0x0
                0x00000000                . = ALIGN (0x2)
 *(.infoc .infoc.*)

.infod          0x00000000        0x0
                0x00000000                . = ALIGN (0x2)
 *(.infod .infod.*)

.vectors        0x0000ffe0       0x20
                0x0000ffe0                __vectors_start = .
 *(.vectors*)
 .vectors       0x0000ffe0       0x20 /usr/local/msp430/bin/../lib/gcc/msp430/4.7.0/mmpy-16/crt0ivtbl16.o
                0x0000ffe0                __ivtbl_16
                0x00010000                _vectors_end = .

.fartext        0x00000000        0x0
                0x00000000                . = ALIGN (0x2)
 *(.fartext .fartext.*)

.far.text       0x00000000        0x0
                0x00000000                . = ALIGN (0x2)
 *(.far.text .far.text.*)

.far.rodata     0x00000000        0x0
                0x00000000                . = ALIGN (0x2)
 *(.far.rodata .far.rodata.*)
                0x00000000                . = ALIGN (0x2)
                0x00000000                _efartext = .

.far.data       0x00000000        0x0
                0x00000000                . = ALIGN (0x2)
                0x00000000                __far_data_start = .
 *(.far.data .far.data.*)
                0x00000000                . = ALIGN (0x2)
                0x00000000                _efardata = .
                0x00000000                __far_data_load_start = LOADADDR (.far.data)
                0x00000000                __far_data_size = SIZEOF (.far.data)

.far.bss        0x00000000        0x0
                0x00000000                . = ALIGN (0x2)
                0x00000000                __far_bss_start = .
 *(.far.bss .far.bss.*)
                0x00000000                . = ALIGN (0x2)
                0x00000000                __far_bss_end = .
                0x00000000                __far_bss_size = SIZEOF (.far.bss)
                0x00000000                . = ALIGN (0x2)
                0x00000000                _far_end = .

.profiler
 *(.profiler)

.stab
 *(.stab)

.stabstr
 *(.stabstr)

.stab.excl
 *(.stab.excl)

.stab.exclstr
 *(.stab.exclstr)

.stab.index
 *(.stab.index)

.stab.indexstr
 *(.stab.indexstr)

.comment        0x00000000       0x30
 *(.comment)
 .comment       0x00000000       0x30 test-deluge.co
                                 0x31 (size before relaxing)
 .comment       0x00000000       0x31 obj_sky/contiki-sky-main.o
 .comment       0x00000000       0x31 contiki-sky.a(rimeaddr.o)
 .comment       0x00000000       0x31 contiki-sky.a(rime.o)
 .comment       0x00000000       0x31 contiki-sky.a(announcement.o)
 .comment       0x00000000       0x31 contiki-sky.a(broadcast-annou)
 .comment       0x00000000       0x31 contiki-sky.a(broadcast.o)
 .comment       0x00000000       0x31 contiki-sky.a(abc.o)
 .comment       0x00000000       0x31 contiki-sky.a(chameleon.o)
 .comment       0x00000000       0x31 contiki-sky.a(channel.o)
 .comment       0x00000000       0x31 contiki-sky.a(chameleon-bitop)
 .comment       0x00000000       0x31 contiki-sky.a(csma.o)
 .comment       0x00000000       0x31 contiki-sky.a(contikimac.o)
 .comment       0x00000000       0x31 contiki-sky.a(phase.o)
 .comment       0x00000000       0x31 contiki-sky.a(process.o)
 .comment       0x00000000       0x31 contiki-sky.a(autostart.o)
 .comment       0x00000000       0x31 contiki-sky.a(elfloader.o)
 .comment       0x00000000       0x31 contiki-sky.a(compower.o)
 .comment       0x00000000       0x31 contiki-sky.a(serial-line.o)
 .comment       0x00000000       0x31 contiki-sky.a(memb.o)
 .comment       0x00000000       0x31 contiki-sky.a(timer.o)
 .comment       0x00000000       0x31 contiki-sky.a(list.o)
 .comment       0x00000000       0x31 contiki-sky.a(etimer.o)
 .comment       0x00000000       0x31 contiki-sky.a(ctimer.o)
 .comment       0x00000000       0x31 contiki-sky.a(energest.o)
 .comment       0x00000000       0x31 contiki-sky.a(rtimer.o)
 .comment       0x00000000       0x31 contiki-sky.a(random.o)
 .comment       0x00000000       0x31 contiki-sky.a(ringbuf.o)
 .comment       0x00000000       0x31 contiki-sky.a(nbr-table.o)
 .comment       0x00000000       0x31 contiki-sky.a(packetbuf.o)
 .comment       0x00000000       0x31 contiki-sky.a(queuebuf.o)
 .comment       0x00000000       0x31 contiki-sky.a(deluge.o)
 .comment       0x00000000       0x31 contiki-sky.a(contiki-sky-pla)
 .comment       0x00000000       0x31 contiki-sky.a(button-sensor.o)
 .comment       0x00000000       0x31 contiki-sky.a(ds2411.o)
 .comment       0x00000000       0x31 contiki-sky.a(xmem.o)
 .comment       0x00000000       0x31 contiki-sky.a(node-id.o)
 .comment       0x00000000       0x31 contiki-sky.a(sensors.o)
 .comment       0x00000000       0x31 contiki-sky.a(cfs-coffee.o)
 .comment       0x00000000       0x31 contiki-sky.a(cc2420.o)
 .comment       0x00000000       0x31 contiki-sky.a(cc2420-arch.o)
 .comment       0x00000000       0x31 contiki-sky.a(uart1.o)
 .comment       0x00000000       0x31 contiki-sky.a(uart1-putchar.o)
 .comment       0x00000000       0x31 contiki-sky.a(msp430.o)
 .comment       0x00000000       0x31 contiki-sky.a(clock.o)
 .comment       0x00000000       0x31 contiki-sky.a(leds.o)
 .comment       0x00000000       0x31 contiki-sky.a(leds-arch.o)
 .comment       0x00000000       0x31 contiki-sky.a(watchdog.o)
 .comment       0x00000000       0x31 contiki-sky.a(rtimer-arch.o)
 .comment       0x00000000       0x31 contiki-sky.a(elfloader-msp43)
 .comment       0x00000000       0x31 contiki-sky.a(symtab.o)
 .comment       0x00000000       0x31 contiki-sky.a(symbols.o)
 .comment       0x00000000       0x31 contiki-sky.a(unicast.o)
 .comment       0x00000000       0x31 contiki-sky.a(mac.o)
 .comment       0x00000000       0x31 contiki-sky.a(framer-802154.o)
 .comment       0x00000000       0x31 contiki-sky.a(crc16.o)
 .comment       0x00000000       0x31 contiki-sky.a(spi.o)
 .comment       0x00000000       0x31 contiki-sky.a(frame802154.o)
 .comment       0x00000000       0x31 /usr/local/msp430/bin/../lib/gcc/msp430/4.7.0/../../../../msp430/lib/mmpy-16/libc.a(malloc.o)
 .comment       0x00000000       0x31 /usr/local/msp430/bin/../lib/gcc/msp430/4.7.0/../../../../msp430/lib/mmpy-16/libc.a(printf.o)
 .comment       0x00000000       0x31 /usr/local/msp430/bin/../lib/gcc/msp430/4.7.0/../../../../msp430/lib/mmpy-16/libc.a(vuprintf.o)
 .comment       0x00000000       0x31 /usr/local/msp430/bin/../lib/gcc/msp430/4.7.0/../../../../msp430/lib/mmpy-16/libc.a(puts.o)
 .comment       0x00000000       0x31 /usr/local/msp430/bin/../lib/gcc/msp430/4.7.0/../../../../msp430/lib/mmpy-16/libc.a(rand.o)
 .comment       0x00000000       0x31 /usr/local/msp430/bin/../lib/gcc/msp430/4.7.0/../../../../msp430/lib/mmpy-16/libc.a(strcmp.o)
 .comment       0x00000000       0x31 /usr/local/msp430/bin/../lib/gcc/msp430/4.7.0/../../../../msp430/lib/mmpy-16/libc.a(strncmp.o)
 .comment       0x00000000       0x31 /usr/local/msp430/bin/../lib/gcc/msp430/4.7.0/../../../../msp430/lib/mmpy-16/libc.a(memcmp.o)
 .comment       0x00000000       0x31 /usr/local/msp430/bin/../lib/gcc/msp430/4.7.0/../../../../msp430/lib/mmpy-16/libc.a(strcpy.o)
 .comment       0x00000000       0x31 /usr/local/msp430/bin/../lib/gcc/msp430/4.7.0/../../../../msp430/lib/mmpy-16/libc.a(memcpy.o)
 .comment       0x00000000       0x31 /usr/local/msp430/bin/../lib/gcc/msp430/4.7.0/../../../../msp430/lib/mmpy-16/libc.a(memset.o)

.debug
 *(.debug)

.line
 *(.line)

.debug_srcinfo
 *(.debug_srcinfo)

.debug_sfnames
 *(.debug_sfnames)

.debug_aranges  0x00000000      0x1f4
 *(.debug_aranges)
 .debug_aranges
                0x00000000       0x14 /usr/local/msp430/bin/../lib/gcc/msp430/4.7.0/mmpy-16/crt0ivtbl16.o
 .debug_aranges
                0x00000014       0x14 /usr/local/msp430/bin/../lib/gcc/msp430/4.7.0/mmpy-16/libgcc.a(_mulsi3.o)
 .debug_aranges
                0x00000028       0x14 /usr/local/msp430/bin/../lib/gcc/msp430/4.7.0/mmpy-16/libgcc.a(_udivmod16.o)
 .debug_aranges
                0x0000003c       0x14 /usr/local/msp430/bin/../lib/gcc/msp430/4.7.0/mmpy-16/libgcc.a(_divmod16.o)
 .debug_aranges
                0x00000050       0x14 /usr/local/msp430/bin/../lib/gcc/msp430/4.7.0/mmpy-16/libgcc.a(_udivmod32.o)
 .debug_aranges
                0x00000064       0x14 /usr/local/msp430/bin/../lib/gcc/msp430/4.7.0/mmpy-16/libgcc.a(_divmod32.o)
 .debug_aranges
                0x00000078       0x18 /usr/local/msp430/bin/../lib/gcc/msp430/4.7.0/../../../../msp430/lib/mmpy-16/libc.a(malloc.o)
 .debug_aranges
                0x00000090       0x18 /usr/local/msp430/bin/../lib/gcc/msp430/4.7.0/../../../../msp430/lib/mmpy-16/libc.a(printf.o)
 .debug_aranges
                0x000000a8       0x18 /usr/local/msp430/bin/../lib/gcc/msp430/4.7.0/../../../../msp430/lib/mmpy-16/libc.a(vuprintf.o)
 .debug_aranges
                0x000000c0       0x14 /usr/local/msp430/bin/../lib/gcc/msp430/4.7.0/../../../../msp430/lib/mmpy-16/libc.a(puts.o)
 .debug_aranges
                0x000000d4       0x1c /usr/local/msp430/bin/../lib/gcc/msp430/4.7.0/../../../../msp430/lib/mmpy-16/libc.a(rand.o)
 .debug_aranges
                0x000000f0       0x14 /usr/local/msp430/bin/../lib/gcc/msp430/4.7.0/../../../../msp430/lib/mmpy-16/libc.a(strcmp.o)
 .debug_aranges
                0x00000104       0x14 /usr/local/msp430/bin/../lib/gcc/msp430/4.7.0/../../../../msp430/lib/mmpy-16/libc.a(strncmp.o)
 .debug_aranges
                0x00000118       0x14 /usr/local/msp430/bin/../lib/gcc/msp430/4.7.0/../../../../msp430/lib/mmpy-16/libc.a(memcmp.o)
 .debug_aranges
                0x0000012c       0x14 /usr/local/msp430/bin/../lib/gcc/msp430/4.7.0/../../../../msp430/lib/mmpy-16/libc.a(strcpy.o)
 .debug_aranges
                0x00000140       0x14 /usr/local/msp430/bin/../lib/gcc/msp430/4.7.0/../../../../msp430/lib/mmpy-16/libc.a(memcpy.o)
 .debug_aranges
                0x00000154       0x14 /usr/local/msp430/bin/../lib/gcc/msp430/4.7.0/../../../../msp430/lib/mmpy-16/libc.a(memset.o)
 .debug_aranges
                0x00000168       0x14 /usr/local/msp430/bin/../lib/gcc/msp430/4.7.0/mmpy-16/libgcc.a(_udivmod64.o)
 .debug_aranges
                0x0000017c       0x14 /usr/local/msp430/bin/../lib/gcc/msp430/4.7.0/mmpy-16/libcrt0.a(__watchdog_support.o)
 .debug_aranges
                0x00000190       0x14 /usr/local/msp430/bin/../lib/gcc/msp430/4.7.0/mmpy-16/libcrt0.a(__init_stack.o)
 .debug_aranges
                0x000001a4       0x14 /usr/local/msp430/bin/../lib/gcc/msp430/4.7.0/mmpy-16/libcrt0.a(_copy_data.o)
 .debug_aranges
                0x000001b8       0x14 /usr/local/msp430/bin/../lib/gcc/msp430/4.7.0/mmpy-16/libcrt0.a(_clear_bss.o)
 .debug_aranges
                0x000001cc       0x14 /usr/local/msp430/bin/../lib/gcc/msp430/4.7.0/mmpy-16/libcrt0.a(_endless_loop__.o)
 .debug_aranges
                0x000001e0       0x14 /usr/local/msp430/bin/../lib/gcc/msp430/4.7.0/mmpy-16/libcrt0.a(_unexpected_.o)

.debug_pubnames
 *(.debug_pubnames)

.debug_info     0x00000000     0x17b9
 *(.debug_info)
 .debug_info    0x00000000       0x9b /usr/local/msp430/bin/../lib/gcc/msp430/4.7.0/mmpy-16/crt0ivtbl16.o
 .debug_info    0x0000009b       0x98 /usr/local/msp430/bin/../lib/gcc/msp430/4.7.0/mmpy-16/libgcc.a(_mulsi3.o)
 .debug_info    0x00000133       0x98 /usr/local/msp430/bin/../lib/gcc/msp430/4.7.0/mmpy-16/libgcc.a(_udivmod16.o)
 .debug_info    0x000001cb       0x98 /usr/local/msp430/bin/../lib/gcc/msp430/4.7.0/mmpy-16/libgcc.a(_divmod16.o)
 .debug_info    0x00000263       0x98 /usr/local/msp430/bin/../lib/gcc/msp430/4.7.0/mmpy-16/libgcc.a(_udivmod32.o)
 .debug_info    0x000002fb       0x98 /usr/local/msp430/bin/../lib/gcc/msp430/4.7.0/mmpy-16/libgcc.a(_divmod32.o)
 .debug_info    0x00000393      0x16b /usr/local/msp430/bin/../lib/gcc/msp430/4.7.0/../../../../msp430/lib/mmpy-16/libc.a(malloc.o)
 .debug_info    0x000004fe      0x16e /usr/local/msp430/bin/../lib/gcc/msp430/4.7.0/../../../../msp430/lib/mmpy-16/libc.a(printf.o)
 .debug_info    0x0000066c      0x5d4 /usr/local/msp430/bin/../lib/gcc/msp430/4.7.0/../../../../msp430/lib/mmpy-16/libc.a(vuprintf.o)
 .debug_info    0x00000c40       0xc7 /usr/local/msp430/bin/../lib/gcc/msp430/4.7.0/../../../../msp430/lib/mmpy-16/libc.a(puts.o)
 .debug_info    0x00000d07      0x146 /usr/local/msp430/bin/../lib/gcc/msp430/4.7.0/../../../../msp430/lib/mmpy-16/libc.a(rand.o)
 .debug_info    0x00000e4d       0xa9 /usr/local/msp430/bin/../lib/gcc/msp430/4.7.0/../../../../msp430/lib/mmpy-16/libc.a(strcmp.o)
 .debug_info    0x00000ef6       0xc2 /usr/local/msp430/bin/../lib/gcc/msp430/4.7.0/../../../../msp430/lib/mmpy-16/libc.a(strncmp.o)
 .debug_info    0x00000fb8       0xe5 /usr/local/msp430/bin/../lib/gcc/msp430/4.7.0/../../../../msp430/lib/mmpy-16/libc.a(memcmp.o)
 .debug_info    0x0000109d       0xbd /usr/local/msp430/bin/../lib/gcc/msp430/4.7.0/../../../../msp430/lib/mmpy-16/libc.a(strcpy.o)
 .debug_info    0x0000115a      0x12c /usr/local/msp430/bin/../lib/gcc/msp430/4.7.0/../../../../msp430/lib/mmpy-16/libc.a(memcpy.o)
 .debug_info    0x00001286      0x117 /usr/local/msp430/bin/../lib/gcc/msp430/4.7.0/../../../../msp430/lib/mmpy-16/libc.a(memset.o)
 .debug_info    0x0000139d       0x98 /usr/local/msp430/bin/../lib/gcc/msp430/4.7.0/mmpy-16/libgcc.a(_udivmod64.o)
 .debug_info    0x00001435       0x96 /usr/local/msp430/bin/../lib/gcc/msp430/4.7.0/mmpy-16/libcrt0.a(__watchdog_support.o)
 .debug_info    0x000014cb       0x96 /usr/local/msp430/bin/../lib/gcc/msp430/4.7.0/mmpy-16/libcrt0.a(__init_stack.o)
 .debug_info    0x00001561       0x96 /usr/local/msp430/bin/../lib/gcc/msp430/4.7.0/mmpy-16/libcrt0.a(_copy_data.o)
 .debug_info    0x000015f7       0x96 /usr/local/msp430/bin/../lib/gcc/msp430/4.7.0/mmpy-16/libcrt0.a(_clear_bss.o)
 .debug_info    0x0000168d       0x96 /usr/local/msp430/bin/../lib/gcc/msp430/4.7.0/mmpy-16/libcrt0.a(_endless_loop__.o)
 .debug_info    0x00001723       0x96 /usr/local/msp430/bin/../lib/gcc/msp430/4.7.0/mmpy-16/libcrt0.a(_unexpected_.o)
 *(.gnu.linkonce.wi.*)

.debug_abbrev   0x00000000      0xa2a
 *(.debug_abbrev)
 .debug_abbrev  0x00000000       0x14 /usr/local/msp430/bin/../lib/gcc/msp430/4.7.0/mmpy-16/crt0ivtbl16.o
 .debug_abbrev  0x00000014       0x14 /usr/local/msp430/bin/../lib/gcc/msp430/4.7.0/mmpy-16/libgcc.a(_mulsi3.o)
 .debug_abbrev  0x00000028       0x14 /usr/local/msp430/bin/../lib/gcc/msp430/4.7.0/mmpy-16/libgcc.a(_udivmod16.o)
 .debug_abbrev  0x0000003c       0x14 /usr/local/msp430/bin/../lib/gcc/msp430/4.7.0/mmpy-16/libgcc.a(_divmod16.o)
 .debug_abbrev  0x00000050       0x14 /usr/local/msp430/bin/../lib/gcc/msp430/4.7.0/mmpy-16/libgcc.a(_udivmod32.o)
 .debug_abbrev  0x00000064       0x14 /usr/local/msp430/bin/../lib/gcc/msp430/4.7.0/mmpy-16/libgcc.a(_divmod32.o)
 .debug_abbrev  0x00000078      0x10c /usr/local/msp430/bin/../lib/gcc/msp430/4.7.0/../../../../msp430/lib/mmpy-16/libc.a(malloc.o)
 .debug_abbrev  0x00000184       0xfa /usr/local/msp430/bin/../lib/gcc/msp430/4.7.0/../../../../msp430/lib/mmpy-16/libc.a(printf.o)
 .debug_abbrev  0x0000027e      0x23e /usr/local/msp430/bin/../lib/gcc/msp430/4.7.0/../../../../msp430/lib/mmpy-16/libc.a(vuprintf.o)
 .debug_abbrev  0x000004bc       0xa3 /usr/local/msp430/bin/../lib/gcc/msp430/4.7.0/../../../../msp430/lib/mmpy-16/libc.a(puts.o)
 .debug_abbrev  0x0000055f       0xfb /usr/local/msp430/bin/../lib/gcc/msp430/4.7.0/../../../../msp430/lib/mmpy-16/libc.a(rand.o)
 .debug_abbrev  0x0000065a       0x65 /usr/local/msp430/bin/../lib/gcc/msp430/4.7.0/../../../../msp430/lib/mmpy-16/libc.a(strcmp.o)
 .debug_abbrev  0x000006bf       0x72 /usr/local/msp430/bin/../lib/gcc/msp430/4.7.0/../../../../msp430/lib/mmpy-16/libc.a(strncmp.o)
 .debug_abbrev  0x00000731       0x9e /usr/local/msp430/bin/../lib/gcc/msp430/4.7.0/../../../../msp430/lib/mmpy-16/libc.a(memcmp.o)
 .debug_abbrev  0x000007cf       0x83 /usr/local/msp430/bin/../lib/gcc/msp430/4.7.0/../../../../msp430/lib/mmpy-16/libc.a(strcpy.o)
 .debug_abbrev  0x00000852       0xab /usr/local/msp430/bin/../lib/gcc/msp430/4.7.0/../../../../msp430/lib/mmpy-16/libc.a(memcpy.o)
 .debug_abbrev  0x000008fd       0xa1 /usr/local/msp430/bin/../lib/gcc/msp430/4.7.0/../../../../msp430/lib/mmpy-16/libc.a(memset.o)
 .debug_abbrev  0x0000099e       0x14 /usr/local/msp430/bin/../lib/gcc/msp430/4.7.0/mmpy-16/libgcc.a(_udivmod64.o)
 .debug_abbrev  0x000009b2       0x14 /usr/local/msp430/bin/../lib/gcc/msp430/4.7.0/mmpy-16/libcrt0.a(__watchdog_support.o)
 .debug_abbrev  0x000009c6       0x14 /usr/local/msp430/bin/../lib/gcc/msp430/4.7.0/mmpy-16/libcrt0.a(__init_stack.o)
 .debug_abbrev  0x000009da       0x14 /usr/local/msp430/bin/../lib/gcc/msp430/4.7.0/mmpy-16/libcrt0.a(_copy_data.o)
 .debug_abbrev  0x000009ee       0x14 /usr/local/msp430/bin/../lib/gcc/msp430/4.7.0/mmpy-16/libcrt0.a(_clear_bss.o)
 .debug_abbrev  0x00000a02       0x14 /usr/local/msp430/bin/../lib/gcc/msp430/4.7.0/mmpy-16/libcrt0.a(_endless_loop__.o)
 .debug_abbrev  0x00000a16       0x14 /usr/local/msp430/bin/../lib/gcc/msp430/4.7.0/mmpy-16/libcrt0.a(_unexpected_.o)

.debug_line     0x00000000      0xf0d
 *(.debug_line)
 .debug_line    0x00000000       0x64 /usr/local/msp430/bin/../lib/gcc/msp430/4.7.0/mmpy-16/crt0ivtbl16.o
 .debug_line    0x00000064       0x77 /usr/local/msp430/bin/../lib/gcc/msp430/4.7.0/mmpy-16/libgcc.a(_mulsi3.o)
 .debug_line    0x000000db       0x70 /usr/local/msp430/bin/../lib/gcc/msp430/4.7.0/mmpy-16/libgcc.a(_udivmod16.o)
 .debug_line    0x0000014b       0x7b /usr/local/msp430/bin/../lib/gcc/msp430/4.7.0/mmpy-16/libgcc.a(_divmod16.o)
 .debug_line    0x000001c6       0x7f /usr/local/msp430/bin/../lib/gcc/msp430/4.7.0/mmpy-16/libgcc.a(_udivmod32.o)
 .debug_line    0x00000245       0x84 /usr/local/msp430/bin/../lib/gcc/msp430/4.7.0/mmpy-16/libgcc.a(_divmod32.o)
 .debug_line    0x000002c9       0xee /usr/local/msp430/bin/../lib/gcc/msp430/4.7.0/../../../../msp430/lib/mmpy-16/libc.a(malloc.o)
 .debug_line    0x000003b7       0xa9 /usr/local/msp430/bin/../lib/gcc/msp430/4.7.0/../../../../msp430/lib/mmpy-16/libc.a(printf.o)
 .debug_line    0x00000460      0x30a /usr/local/msp430/bin/../lib/gcc/msp430/4.7.0/../../../../msp430/lib/mmpy-16/libc.a(vuprintf.o)
 .debug_line    0x0000076a       0x65 /usr/local/msp430/bin/../lib/gcc/msp430/4.7.0/../../../../msp430/lib/mmpy-16/libc.a(puts.o)
 .debug_line    0x000007cf       0x68 /usr/local/msp430/bin/../lib/gcc/msp430/4.7.0/../../../../msp430/lib/mmpy-16/libc.a(rand.o)
 .debug_line    0x00000837       0x49 /usr/local/msp430/bin/../lib/gcc/msp430/4.7.0/../../../../msp430/lib/mmpy-16/libc.a(strcmp.o)
 .debug_line    0x00000880       0x8f /usr/local/msp430/bin/../lib/gcc/msp430/4.7.0/../../../../msp430/lib/mmpy-16/libc.a(strncmp.o)
 .debug_line    0x0000090f       0x8f /usr/local/msp430/bin/../lib/gcc/msp430/4.7.0/../../../../msp430/lib/mmpy-16/libc.a(memcmp.o)
 .debug_line    0x0000099e       0x4d /usr/local/msp430/bin/../lib/gcc/msp430/4.7.0/../../../../msp430/lib/mmpy-16/libc.a(strcpy.o)
 .debug_line    0x000009eb      0x118 /usr/local/msp430/bin/../lib/gcc/msp430/4.7.0/../../../../msp430/lib/mmpy-16/libc.a(memcpy.o)
 .debug_line    0x00000b03       0xf2 /usr/local/msp430/bin/../lib/gcc/msp430/4.7.0/../../../../msp430/lib/mmpy-16/libc.a(memset.o)
 .debug_line    0x00000bf5       0xc9 /usr/local/msp430/bin/../lib/gcc/msp430/4.7.0/mmpy-16/libgcc.a(_udivmod64.o)
 .debug_line    0x00000cbe       0x62 /usr/local/msp430/bin/../lib/gcc/msp430/4.7.0/mmpy-16/libcrt0.a(__watchdog_support.o)
 .debug_line    0x00000d20       0x60 /usr/local/msp430/bin/../lib/gcc/msp430/4.7.0/mmpy-16/libcrt0.a(__init_stack.o)
 .debug_line    0x00000d80       0x66 /usr/local/msp430/bin/../lib/gcc/msp430/4.7.0/mmpy-16/libcrt0.a(_copy_data.o)
 .debug_line    0x00000de6       0x66 /usr/local/msp430/bin/../lib/gcc/msp430/4.7.0/mmpy-16/libcrt0.a(_clear_bss.o)
 .debug_line    0x00000e4c       0x61 /usr/local/msp430/bin/../lib/gcc/msp430/4.7.0/mmpy-16/libcrt0.a(_endless_loop__.o)
 .debug_line    0x00000ead       0x60 /usr/local/msp430/bin/../lib/gcc/msp430/4.7.0/mmpy-16/libcrt0.a(_unexpected_.o)

.debug_frame    0x00000000      0x254
 *(.debug_frame)
 .debug_frame   0x00000000       0x3e /usr/local/msp430/bin/../lib/gcc/msp430/4.7.0/../../../../msp430/lib/mmpy-16/libc.a(malloc.o)
 .debug_frame   0x0000003e       0x2a /usr/local/msp430/bin/../lib/gcc/msp430/4.7.0/../../../../msp430/lib/mmpy-16/libc.a(printf.o)
 .debug_frame   0x00000068       0xa0 /usr/local/msp430/bin/../lib/gcc/msp430/4.7.0/../../../../msp430/lib/mmpy-16/libc.a(vuprintf.o)
 .debug_frame   0x00000108       0x24 /usr/local/msp430/bin/../lib/gcc/msp430/4.7.0/../../../../msp430/lib/mmpy-16/libc.a(puts.o)
 .debug_frame   0x0000012c       0x3c /usr/local/msp430/bin/../lib/gcc/msp430/4.7.0/../../../../msp430/lib/mmpy-16/libc.a(rand.o)
 .debug_frame   0x00000168       0x1e /usr/local/msp430/bin/../lib/gcc/msp430/4.7.0/../../../../msp430/lib/mmpy-16/libc.a(strcmp.o)
 .debug_frame   0x00000186       0x24 /usr/local/msp430/bin/../lib/gcc/msp430/4.7.0/../../../../msp430/lib/mmpy-16/libc.a(strncmp.o)
 .debug_frame   0x000001aa       0x28 /usr/local/msp430/bin/../lib/gcc/msp430/4.7.0/../../../../msp430/lib/mmpy-16/libc.a(memcmp.o)
 .debug_frame   0x000001d2       0x1e /usr/local/msp430/bin/../lib/gcc/msp430/4.7.0/../../../../msp430/lib/mmpy-16/libc.a(strcpy.o)
 .debug_frame   0x000001f0       0x32 /usr/local/msp430/bin/../lib/gcc/msp430/4.7.0/../../../../msp430/lib/mmpy-16/libc.a(memcpy.o)
 .debug_frame   0x00000222       0x32 /usr/local/msp430/bin/../lib/gcc/msp430/4.7.0/../../../../msp430/lib/mmpy-16/libc.a(memset.o)

.debug_str      0x00000000      0x47d
 *(.debug_str)
 .debug_str     0x00000000      0x101 /usr/local/msp430/bin/../lib/gcc/msp430/4.7.0/../../../../msp430/lib/mmpy-16/libc.a(malloc.o)
                                0x150 (size before relaxing)
 .debug_str     0x00000101       0x49 /usr/local/msp430/bin/../lib/gcc/msp430/4.7.0/../../../../msp430/lib/mmpy-16/libc.a(printf.o)
                                0x136 (size before relaxing)
 .debug_str     0x0000014a      0x218 /usr/local/msp430/bin/../lib/gcc/msp430/4.7.0/../../../../msp430/lib/mmpy-16/libc.a(vuprintf.o)
                                0x381 (size before relaxing)
 .debug_str     0x00000362       0x1d /usr/local/msp430/bin/../lib/gcc/msp430/4.7.0/../../../../msp430/lib/mmpy-16/libc.a(puts.o)
                                 0xfb (size before relaxing)
 .debug_str     0x0000037f       0x2a /usr/local/msp430/bin/../lib/gcc/msp430/4.7.0/../../../../msp430/lib/mmpy-16/libc.a(rand.o)
                                0x112 (size before relaxing)
 .debug_str     0x000003a9       0x19 /usr/local/msp430/bin/../lib/gcc/msp430/4.7.0/../../../../msp430/lib/mmpy-16/libc.a(strcmp.o)
                                 0xf7 (size before relaxing)
 .debug_str     0x000003c2       0x1b /usr/local/msp430/bin/../lib/gcc/msp430/4.7.0/../../../../msp430/lib/mmpy-16/libc.a(strncmp.o)
                                0x100 (size before relaxing)
 .debug_str     0x000003dd       0x19 /usr/local/msp430/bin/../lib/gcc/msp430/4.7.0/../../../../msp430/lib/mmpy-16/libc.a(memcmp.o)
                                 0xfe (size before relaxing)
 .debug_str     0x000003f6       0x23 /usr/local/msp430/bin/../lib/gcc/msp430/4.7.0/../../../../msp430/lib/mmpy-16/libc.a(strcpy.o)
                                0x101 (size before relaxing)
 .debug_str     0x00000419       0x3e /usr/local/msp430/bin/../lib/gcc/msp430/4.7.0/../../../../msp430/lib/mmpy-16/libc.a(memcpy.o)
                                0x12c (size before relaxing)
 .debug_str     0x00000457       0x26 /usr/local/msp430/bin/../lib/gcc/msp430/4.7.0/../../../../msp430/lib/mmpy-16/libc.a(memset.o)
                                0x12a (size before relaxing)

.debug_loc      0x00000000      0xd86
 *(.debug_loc)
 .debug_loc     0x00000000      0x11a /usr/local/msp430/bin/../lib/gcc/msp430/4.7.0/../../../../msp430/lib/mmpy-16/libc.a(malloc.o)
 .debug_loc     0x0000011a       0x4c /usr/local/msp430/bin/../lib/gcc/msp430/4.7.0/../../../../msp430/lib/mmpy-16/libc.a(printf.o)
 .debug_loc     0x00000166      0x7fa /usr/local/msp430/bin/../lib/gcc/msp430/4.7.0/../../../../msp430/lib/mmpy-16/libc.a(vuprintf.o)
 .debug_loc     0x00000960       0x26 /usr/local/msp430/bin/../lib/gcc/msp430/4.7.0/../../../../msp430/lib/mmpy-16/libc.a(puts.o)
 .debug_loc     0x00000986       0x4f /usr/local/msp430/bin/../lib/gcc/msp430/4.7.0/../../../../msp430/lib/mmpy-16/libc.a(rand.o)
 .debug_loc     0x000009d5       0x32 /usr/local/msp430/bin/../lib/gcc/msp430/4.7.0/../../../../msp430/lib/mmpy-16/libc.a(strcmp.o)
 .debug_loc     0x00000a07       0x4a /usr/local/msp430/bin/../lib/gcc/msp430/4.7.0/../../../../msp430/lib/mmpy-16/libc.a(strncmp.o)
 .debug_loc     0x00000a51       0x4d /usr/local/msp430/bin/../lib/gcc/msp430/4.7.0/../../../../msp430/lib/mmpy-16/libc.a(memcmp.o)
 .debug_loc     0x00000a9e       0x24 /usr/local/msp430/bin/../lib/gcc/msp430/4.7.0/../../../../msp430/lib/mmpy-16/libc.a(strcpy.o)
 .debug_loc     0x00000ac2      0x1e3 /usr/local/msp430/bin/../lib/gcc/msp430/4.7.0/../../../../msp430/lib/mmpy-16/libc.a(memcpy.o)
 .debug_loc     0x00000ca5       0xe1 /usr/local/msp430/bin/../lib/gcc/msp430/4.7.0/../../../../msp430/lib/mmpy-16/libc.a(memset.o)

.debug_macinfo
 *(.debug_macinfo)

.debug_pubtypes
 *(.debug_pubtypes)

.debug_ranges   0x00000000       0x90
 *(.debug_ranges)
 .debug_ranges  0x00000000       0x18 /usr/local/msp430/bin/../lib/gcc/msp430/4.7.0/../../../../msp430/lib/mmpy-16/libc.a(malloc.o)
 .debug_ranges  0x00000018        0xc /usr/local/msp430/bin/../lib/gcc/msp430/4.7.0/../../../../msp430/lib/mmpy-16/libc.a(printf.o)
 .debug_ranges  0x00000024       0x24 /usr/local/msp430/bin/../lib/gcc/msp430/4.7.0/../../../../msp430/lib/mmpy-16/libc.a(vuprintf.o)
 .debug_ranges  0x00000048        0x8 /usr/local/msp430/bin/../lib/gcc/msp430/4.7.0/../../../../msp430/lib/mmpy-16/libc.a(puts.o)
 .debug_ranges  0x00000050       0x10 /usr/local/msp430/bin/../lib/gcc/msp430/4.7.0/../../../../msp430/lib/mmpy-16/libc.a(rand.o)
 .debug_ranges  0x00000060        0x8 /usr/local/msp430/bin/../lib/gcc/msp430/4.7.0/../../../../msp430/lib/mmpy-16/libc.a(strcmp.o)
 .debug_ranges  0x00000068        0x8 /usr/local/msp430/bin/../lib/gcc/msp430/4.7.0/../../../../msp430/lib/mmpy-16/libc.a(strncmp.o)
 .debug_ranges  0x00000070        0x8 /usr/local/msp430/bin/../lib/gcc/msp430/4.7.0/../../../../msp430/lib/mmpy-16/libc.a(memcmp.o)
 .debug_ranges  0x00000078        0x8 /usr/local/msp430/bin/../lib/gcc/msp430/4.7.0/../../../../msp430/lib/mmpy-16/libc.a(strcpy.o)
 .debug_ranges  0x00000080        0x8 /usr/local/msp430/bin/../lib/gcc/msp430/4.7.0/../../../../msp430/lib/mmpy-16/libc.a(memcpy.o)
 .debug_ranges  0x00000088        0x8 /usr/local/msp430/bin/../lib/gcc/msp430/4.7.0/../../../../msp430/lib/mmpy-16/libc.a(memset.o)
                0x00003900                PROVIDE (__stack, (ORIGIN (ram) + 0x2800))
                0x0000c0ee                __data_start_rom = _etext
                0x0000c186                __data_end_rom = (_etext + SIZEOF (.data))
OUTPUT(test-deluge.sky elf32-msp430)